// Jest Snapshot v1, https://goo.gl/fbAQLP

exports[`fetchCaribbeanAsync fetches Sukeibei and returns Caribbean torrent links 1`] = `
Array [
  Object {
    "links": Array [
      Object {
        "completedDownloads": "370",
        "coverUrl": "https://www.caribbeancom.com/moviepages/050118-653/images/l.jpg",
        "idPrefix": "050118",
        "idSuffix": "653",
        "leechs": "14",
        "longTitle": "[3xplanet] Caribbeancom_050118-653 Azusa Onuki JAV UNCENSORED",
        "magnetLink": "magnet:?xt=urn:btih:ORFE6LLNOCBGRYJI5TD4E524UBUVFCIT&amp;dn=%5B3xplanet%5D+Caribbeancom_050118-653+Azusa+Onuki++JAV+UNCENSORED&amp;tr=http%3A%2F%2Fsukebei.tracker.wf%3A8888%2Fannounce&amp;tr=udp%3A%2F%2Fopen.stealth.si%3A80%2Fannounce&amp;tr=udp%3A%2F%2Ftracker.opentrackr.org%3A1337%2Fannounce&amp;tr=udp%3A%2F%2Ftracker.coppersurfer.tk%3A6969%2Fannounce&amp;tr=udp%3A%2F%2Ftracker.leechers-paradise.org%3A6969%2Fannounce",
        "seeds": "38",
        "shortTitle": "Caribbean.com 050118-653",
        "size": "1.8 GiB",
        "torrentLink": "https://sukebei.nyaa.si/download/2478385.torrent",
        "trailer1080pUrl": "http://smovie.caribbeancom.com/sample/movies/050118-653/1080p.mp4",
        "trailer360pUrl": "http://smovie.caribbeancom.com/sample/movies/050118-653/360p.mp4",
        "trailer480pUrl": "http://smovie.caribbeancom.com/sample/movies/050118-653/480p.mp4",
        "trailer720pUrl": "http://smovie.caribbeancom.com/sample/movies/050118-653/720p.mp4",
        "uploadDate": "2018-05-03 19:26",
      },
      Object {
        "completedDownloads": "681",
        "coverUrl": "https://www.caribbeancom.com/moviepages/042918-651/images/l.jpg",
        "idPrefix": "042918",
        "idSuffix": "651",
        "leechs": "12",
        "longTitle": "[3xplanet] Caribbeancom_042918-651 Mihane Yuki JAV UNCENSORED",
        "magnetLink": "magnet:?xt=urn:btih:4YN33M6ZDVNPOV4NON4CVTSC2FTXX3ST&amp;dn=%5B3xplanet%5D+Caribbeancom_042918-651+Mihane+Yuki++JAV+UNCENSORED&amp;tr=http%3A%2F%2Fsukebei.tracker.wf%3A8888%2Fannounce&amp;tr=udp%3A%2F%2Fopen.stealth.si%3A80%2Fannounce&amp;tr=udp%3A%2F%2Ftracker.opentrackr.org%3A1337%2Fannounce&amp;tr=udp%3A%2F%2Ftracker.coppersurfer.tk%3A6969%2Fannounce&amp;tr=udp%3A%2F%2Ftracker.leechers-paradise.org%3A6969%2Fannounce",
        "seeds": "28",
        "shortTitle": "Caribbean.com 042918-651",
        "size": "1.9 GiB",
        "torrentLink": "https://sukebei.nyaa.si/download/2477412.torrent",
        "trailer1080pUrl": "http://smovie.caribbeancom.com/sample/movies/042918-651/1080p.mp4",
        "trailer360pUrl": "http://smovie.caribbeancom.com/sample/movies/042918-651/360p.mp4",
        "trailer480pUrl": "http://smovie.caribbeancom.com/sample/movies/042918-651/480p.mp4",
        "trailer720pUrl": "http://smovie.caribbeancom.com/sample/movies/042918-651/720p.mp4",
        "uploadDate": "2018-05-01 19:37",
      },
      Object {
        "completedDownloads": "1192",
        "coverUrl": "https://www.caribbeancom.com/moviepages/042018-644/images/l.jpg",
        "idPrefix": "042018",
        "idSuffix": "644",
        "leechs": "6",
        "longTitle": "[3xplanet] Caribbeancom_042018-644 Masshiro Airi JAV UNCENSORED",
        "magnetLink": "magnet:?xt=urn:btih:4N4LQILS5GN4MFDUDSCG3MAGG76PTWGJ&amp;dn=%5B3xplanet%5D+Caribbeancom_042018-644+Masshiro+Airi++JAV+UNCENSORED&amp;tr=http%3A%2F%2Fsukebei.tracker.wf%3A8888%2Fannounce&amp;tr=udp%3A%2F%2Fopen.stealth.si%3A80%2Fannounce&amp;tr=udp%3A%2F%2Ftracker.opentrackr.org%3A1337%2Fannounce&amp;tr=udp%3A%2F%2Ftracker.coppersurfer.tk%3A6969%2Fannounce&amp;tr=udp%3A%2F%2Ftracker.leechers-paradise.org%3A6969%2Fannounce",
        "seeds": "24",
        "shortTitle": "Caribbean.com 042018-644",
        "size": "1.8 GiB",
        "torrentLink": "https://sukebei.nyaa.si/download/2473211.torrent",
        "trailer1080pUrl": "http://smovie.caribbeancom.com/sample/movies/042018-644/1080p.mp4",
        "trailer360pUrl": "http://smovie.caribbeancom.com/sample/movies/042018-644/360p.mp4",
        "trailer480pUrl": "http://smovie.caribbeancom.com/sample/movies/042018-644/480p.mp4",
        "trailer720pUrl": "http://smovie.caribbeancom.com/sample/movies/042018-644/720p.mp4",
        "uploadDate": "2018-04-23 21:08",
      },
      Object {
        "completedDownloads": "76",
        "coverUrl": "https://www.caribbeancom.com/moviepages/050318-655/images/l.jpg",
        "idPrefix": "050318",
        "idSuffix": "655",
        "leechs": "23",
        "longTitle": "Caribbeancom 050318-655 欲張りまりかと激乱交",
        "magnetLink": "magnet:?xt=urn:btih:JTP2AT2KDCQ5UKOJADM6W25PHIOQY7N4&amp;dn=Caribbeancom+050318-655+%E6%AC%B2%E5%BC%B5%E3%82%8A%E3%81%BE%E3%82%8A%E3%81%8B%E3%81%A8%E6%BF%80%E4%B9%B1%E4%BA%A4&amp;tr=http%3A%2F%2Fsukebei.tracker.wf%3A8888%2Fannounce&amp;tr=udp%3A%2F%2Fopen.stealth.si%3A80%2Fannounce&amp;tr=udp%3A%2F%2Ftracker.opentrackr.org%3A1337%2Fannounce&amp;tr=udp%3A%2F%2Ftracker.coppersurfer.tk%3A6969%2Fannounce&amp;tr=udp%3A%2F%2Ftracker.leechers-paradise.org%3A6969%2Fannounce",
        "seeds": "18",
        "shortTitle": "Caribbean.com 050318-655",
        "size": "1.8 GiB",
        "torrentLink": "https://sukebei.nyaa.si/download/2478573.torrent",
        "trailer1080pUrl": "http://smovie.caribbeancom.com/sample/movies/050318-655/1080p.mp4",
        "trailer360pUrl": "http://smovie.caribbeancom.com/sample/movies/050318-655/360p.mp4",
        "trailer480pUrl": "http://smovie.caribbeancom.com/sample/movies/050318-655/480p.mp4",
        "trailer720pUrl": "http://smovie.caribbeancom.com/sample/movies/050318-655/720p.mp4",
        "uploadDate": "2018-05-04 03:44",
      },
      Object {
        "completedDownloads": "235",
        "coverUrl": "https://www.caribbeancom.com/moviepages/043018-652/images/l.jpg",
        "idPrefix": "043018",
        "idSuffix": "652",
        "leechs": "13",
        "longTitle": "[3xplanet] Caribbeancom_043018-652 Mihara Sakiko JAV UNCENSORED",
        "magnetLink": "magnet:?xt=urn:btih:B5CIOV4VCEO2MTDZHJMAALPB2QVLUI57&amp;dn=%5B3xplanet%5D+Caribbeancom_043018-652+Mihara+Sakiko++JAV+UNCENSORED&amp;tr=http%3A%2F%2Fsukebei.tracker.wf%3A8888%2Fannounce&amp;tr=udp%3A%2F%2Fopen.stealth.si%3A80%2Fannounce&amp;tr=udp%3A%2F%2Ftracker.opentrackr.org%3A1337%2Fannounce&amp;tr=udp%3A%2F%2Ftracker.coppersurfer.tk%3A6969%2Fannounce&amp;tr=udp%3A%2F%2Ftracker.leechers-paradise.org%3A6969%2Fannounce",
        "seeds": "18",
        "shortTitle": "Caribbean.com 043018-652",
        "size": "1.8 GiB",
        "torrentLink": "https://sukebei.nyaa.si/download/2478141.torrent",
        "trailer1080pUrl": "http://smovie.caribbeancom.com/sample/movies/043018-652/1080p.mp4",
        "trailer360pUrl": "http://smovie.caribbeancom.com/sample/movies/043018-652/360p.mp4",
        "trailer480pUrl": "http://smovie.caribbeancom.com/sample/movies/043018-652/480p.mp4",
        "trailer720pUrl": "http://smovie.caribbeancom.com/sample/movies/043018-652/720p.mp4",
        "uploadDate": "2018-05-03 08:58",
      },
      Object {
        "completedDownloads": "95",
        "coverUrl": "https://www.caribbeancom.com/moviepages/050118-653/images/l.jpg",
        "idPrefix": "050118",
        "idSuffix": "653",
        "leechs": "12",
        "longTitle": "Caribbeancom 050118-653 いい大人の預かり所 ～黒髪が綺麗で清楚な保育士さんに癒されたい～ 大貫あずさ",
        "magnetLink": "magnet:?xt=urn:btih:SX4WN4W2Z6Y2A5IDFXAYK2LJN6UWBSKF&amp;dn=Caribbeancom+050118-653+%E3%81%84%E3%81%84%E5%A4%A7%E4%BA%BA%E3%81%AE%E9%A0%90%E3%81%8B%E3%82%8A%E6%89%80+%EF%BD%9E%E9%BB%92%E9%AB%AA%E3%81%8C%E7%B6%BA%E9%BA%97%E3%81%A7%E6%B8%85%E6%A5%9A%E3%81%AA%E4%BF%9D%E8%82%B2%E5%A3%AB%E3%81%95%E3%82%93%E3%81%AB%E7%99%92%E3%81%95%E3%82%8C%E3%81%9F%E3%81%84%EF%BD%9E+%E5%A4%A7%E8%B2%AB%E3%81%82%E3%81%9A%E3%81%95&amp;tr=http%3A%2F%2Fsukebei.tracker.wf%3A8888%2Fannounce&amp;tr=udp%3A%2F%2Fopen.stealth.si%3A80%2Fannounce&amp;tr=udp%3A%2F%2Ftracker.opentrackr.org%3A1337%2Fannounce&amp;tr=udp%3A%2F%2Ftracker.coppersurfer.tk%3A6969%2Fannounce&amp;tr=udp%3A%2F%2Ftracker.leechers-paradise.org%3A6969%2Fannounce",
        "seeds": "16",
        "shortTitle": "Caribbean.com 050118-653",
        "size": "1.8 GiB",
        "torrentLink": "https://sukebei.nyaa.si/download/2478106.torrent",
        "trailer1080pUrl": "http://smovie.caribbeancom.com/sample/movies/050118-653/1080p.mp4",
        "trailer360pUrl": "http://smovie.caribbeancom.com/sample/movies/050118-653/360p.mp4",
        "trailer480pUrl": "http://smovie.caribbeancom.com/sample/movies/050118-653/480p.mp4",
        "trailer720pUrl": "http://smovie.caribbeancom.com/sample/movies/050118-653/720p.mp4",
        "uploadDate": "2018-05-03 05:35",
      },
      Object {
        "completedDownloads": "2707",
        "coverUrl": "https://www.caribbeancom.com/moviepages/030218-614/images/l.jpg",
        "idPrefix": "030218",
        "idSuffix": "614",
        "leechs": "3",
        "longTitle": "[3xplanet] Caribbeancom_030218-614 Maiku JAV UNCENSORED",
        "magnetLink": "magnet:?xt=urn:btih:UAXCRKPSK3KHE7J7SWYMAPG6ZBN2URBI&amp;dn=%5B3xplanet%5D+Caribbeancom_030218-614+Maiku++JAV+UNCENSORED&amp;tr=http%3A%2F%2Fsukebei.tracker.wf%3A8888%2Fannounce&amp;tr=udp%3A%2F%2Fopen.stealth.si%3A80%2Fannounce&amp;tr=udp%3A%2F%2Ftracker.opentrackr.org%3A1337%2Fannounce&amp;tr=udp%3A%2F%2Ftracker.coppersurfer.tk%3A6969%2Fannounce&amp;tr=udp%3A%2F%2Ftracker.leechers-paradise.org%3A6969%2Fannounce",
        "seeds": "14",
        "shortTitle": "Caribbean.com 030218-614",
        "size": "1.8 GiB",
        "torrentLink": "https://sukebei.nyaa.si/download/2446706.torrent",
        "trailer1080pUrl": "http://smovie.caribbeancom.com/sample/movies/030218-614/1080p.mp4",
        "trailer360pUrl": "http://smovie.caribbeancom.com/sample/movies/030218-614/360p.mp4",
        "trailer480pUrl": "http://smovie.caribbeancom.com/sample/movies/030218-614/480p.mp4",
        "trailer720pUrl": "http://smovie.caribbeancom.com/sample/movies/030218-614/720p.mp4",
        "uploadDate": "2018-03-05 09:00",
      },
      Object {
        "completedDownloads": "118",
        "coverUrl": "https://www.caribbeancom.com/moviepages/042718-649/images/l.jpg",
        "idPrefix": "042718",
        "idSuffix": "649",
        "leechs": "5",
        "longTitle": "Caribbeancom 042718-649 女熱大陸 File.060 仲村さり",
        "magnetLink": "magnet:?xt=urn:btih:RGFWZOXUKIAWPVVKKOHTYL3NNDXGXGX2&amp;dn=Caribbeancom+042718-649+%E5%A5%B3%E7%86%B1%E5%A4%A7%E9%99%B8+File.060+%E4%BB%B2%E6%9D%91%E3%81%95%E3%82%8A&amp;tr=http%3A%2F%2Fsukebei.tracker.wf%3A8888%2Fannounce&amp;tr=udp%3A%2F%2Fopen.stealth.si%3A80%2Fannounce&amp;tr=udp%3A%2F%2Ftracker.opentrackr.org%3A1337%2Fannounce&amp;tr=udp%3A%2F%2Ftracker.coppersurfer.tk%3A6969%2Fannounce&amp;tr=udp%3A%2F%2Ftracker.leechers-paradise.org%3A6969%2Fannounce",
        "seeds": "13",
        "shortTitle": "Caribbean.com 042718-649",
        "size": "1.8 GiB",
        "torrentLink": "https://sukebei.nyaa.si/download/2476465.torrent",
        "trailer1080pUrl": "http://smovie.caribbeancom.com/sample/movies/042718-649/1080p.mp4",
        "trailer360pUrl": "http://smovie.caribbeancom.com/sample/movies/042718-649/360p.mp4",
        "trailer480pUrl": "http://smovie.caribbeancom.com/sample/movies/042718-649/480p.mp4",
        "trailer720pUrl": "http://smovie.caribbeancom.com/sample/movies/042718-649/720p.mp4",
        "uploadDate": "2018-04-29 22:15",
      },
      Object {
        "completedDownloads": "1128",
        "coverUrl": "https://www.caribbeancom.com/moviepages/041718-642/images/l.jpg",
        "idPrefix": "041718",
        "idSuffix": "642",
        "leechs": "3",
        "longTitle": "[3xplanet] Caribbeancom_041718-642 Yonekura noa JAV UNCENSORED",
        "magnetLink": "magnet:?xt=urn:btih:MTXJE6OOEQGPUPGIFM6A66STBFXMI2AZ&amp;dn=%5B3xplanet%5D+Caribbeancom_041718-642+Yonekura+noa++JAV+UNCENSORED&amp;tr=http%3A%2F%2Fsukebei.tracker.wf%3A8888%2Fannounce&amp;tr=udp%3A%2F%2Fopen.stealth.si%3A80%2Fannounce&amp;tr=udp%3A%2F%2Ftracker.opentrackr.org%3A1337%2Fannounce&amp;tr=udp%3A%2F%2Ftracker.coppersurfer.tk%3A6969%2Fannounce&amp;tr=udp%3A%2F%2Ftracker.leechers-paradise.org%3A6969%2Fannounce",
        "seeds": "13",
        "shortTitle": "Caribbean.com 041718-642",
        "size": "1.8 GiB",
        "torrentLink": "https://sukebei.nyaa.si/download/2471128.torrent",
        "trailer1080pUrl": "http://smovie.caribbeancom.com/sample/movies/041718-642/1080p.mp4",
        "trailer360pUrl": "http://smovie.caribbeancom.com/sample/movies/041718-642/360p.mp4",
        "trailer480pUrl": "http://smovie.caribbeancom.com/sample/movies/041718-642/480p.mp4",
        "trailer720pUrl": "http://smovie.caribbeancom.com/sample/movies/041718-642/720p.mp4",
        "uploadDate": "2018-04-19 17:03",
      },
      Object {
        "completedDownloads": "644",
        "coverUrl": "https://www.caribbeancom.com/moviepages/042718-649/images/l.jpg",
        "idPrefix": "042718",
        "idSuffix": "649",
        "leechs": "6",
        "longTitle": "[3xplanet] Caribbeancom_042718-649 Nakamura Sari JAV UNCENSORED",
        "magnetLink": "magnet:?xt=urn:btih:5PQ6VCGZKNWEDBP3EFIAWAPIRJXJFQOQ&amp;dn=%5B3xplanet%5D+Caribbeancom_042718-649+Nakamura+Sari++JAV+UNCENSORED&amp;tr=http%3A%2F%2Fsukebei.tracker.wf%3A8888%2Fannounce&amp;tr=udp%3A%2F%2Fopen.stealth.si%3A80%2Fannounce&amp;tr=udp%3A%2F%2Ftracker.opentrackr.org%3A1337%2Fannounce&amp;tr=udp%3A%2F%2Ftracker.coppersurfer.tk%3A6969%2Fannounce&amp;tr=udp%3A%2F%2Ftracker.leechers-paradise.org%3A6969%2Fannounce",
        "seeds": "13",
        "shortTitle": "Caribbean.com 042718-649",
        "size": "1.8 GiB",
        "torrentLink": "https://sukebei.nyaa.si/download/2476421.torrent",
        "trailer1080pUrl": "http://smovie.caribbeancom.com/sample/movies/042718-649/1080p.mp4",
        "trailer360pUrl": "http://smovie.caribbeancom.com/sample/movies/042718-649/360p.mp4",
        "trailer480pUrl": "http://smovie.caribbeancom.com/sample/movies/042718-649/480p.mp4",
        "trailer720pUrl": "http://smovie.caribbeancom.com/sample/movies/042718-649/720p.mp4",
        "uploadDate": "2018-04-29 21:34",
      },
      Object {
        "completedDownloads": "939",
        "coverUrl": "https://www.caribbeancom.com/moviepages/041318-640/images/l.jpg",
        "idPrefix": "041318",
        "idSuffix": "640",
        "leechs": "2",
        "longTitle": "[3xplanet] Caribbeancom_041318-640 Saijo Sara JAV UNCENSORED",
        "magnetLink": "magnet:?xt=urn:btih:PN76542X3JBWAXXIZ6LWSBOAXZQ7DIXD&amp;dn=%5B3xplanet%5D+Caribbeancom_041318-640+Saijo+Sara++JAV+UNCENSORED&amp;tr=http%3A%2F%2Fsukebei.tracker.wf%3A8888%2Fannounce&amp;tr=udp%3A%2F%2Fopen.stealth.si%3A80%2Fannounce&amp;tr=udp%3A%2F%2Ftracker.opentrackr.org%3A1337%2Fannounce&amp;tr=udp%3A%2F%2Ftracker.coppersurfer.tk%3A6969%2Fannounce&amp;tr=udp%3A%2F%2Ftracker.leechers-paradise.org%3A6969%2Fannounce",
        "seeds": "12",
        "shortTitle": "Caribbean.com 041318-640",
        "size": "1.8 GiB",
        "torrentLink": "https://sukebei.nyaa.si/download/2469542.torrent",
        "trailer1080pUrl": "http://smovie.caribbeancom.com/sample/movies/041318-640/1080p.mp4",
        "trailer360pUrl": "http://smovie.caribbeancom.com/sample/movies/041318-640/360p.mp4",
        "trailer480pUrl": "http://smovie.caribbeancom.com/sample/movies/041318-640/480p.mp4",
        "trailer720pUrl": "http://smovie.caribbeancom.com/sample/movies/041318-640/720p.mp4",
        "uploadDate": "2018-04-15 23:17",
      },
      Object {
        "completedDownloads": "661",
        "coverUrl": "https://www.caribbeancom.com/moviepages/042418-646/images/l.jpg",
        "idPrefix": "042418",
        "idSuffix": "646",
        "leechs": "3",
        "longTitle": "[3xplanet] Caribbeancom_042418-646 Minami Kira JAV UNCENSORED",
        "magnetLink": "magnet:?xt=urn:btih:IK2MR4CADVPDIIW3HTREAAHSKB5G2LYX&amp;dn=%5B3xplanet%5D+Caribbeancom_042418-646+Minami+Kira++JAV+UNCENSORED&amp;tr=http%3A%2F%2Fsukebei.tracker.wf%3A8888%2Fannounce&amp;tr=udp%3A%2F%2Fopen.stealth.si%3A80%2Fannounce&amp;tr=udp%3A%2F%2Ftracker.opentrackr.org%3A1337%2Fannounce&amp;tr=udp%3A%2F%2Ftracker.coppersurfer.tk%3A6969%2Fannounce&amp;tr=udp%3A%2F%2Ftracker.leechers-paradise.org%3A6969%2Fannounce",
        "seeds": "12",
        "shortTitle": "Caribbean.com 042418-646",
        "size": "1.7 GiB",
        "torrentLink": "https://sukebei.nyaa.si/download/2474515.torrent",
        "trailer1080pUrl": "http://smovie.caribbeancom.com/sample/movies/042418-646/1080p.mp4",
        "trailer360pUrl": "http://smovie.caribbeancom.com/sample/movies/042418-646/360p.mp4",
        "trailer480pUrl": "http://smovie.caribbeancom.com/sample/movies/042418-646/480p.mp4",
        "trailer720pUrl": "http://smovie.caribbeancom.com/sample/movies/042418-646/720p.mp4",
        "uploadDate": "2018-04-26 14:39",
      },
      Object {
        "completedDownloads": "75",
        "coverUrl": "https://www.caribbeancom.com/moviepages/050218-654/images/l.jpg",
        "idPrefix": "050218",
        "idSuffix": "654",
        "leechs": "10",
        "longTitle": "Caribbeancom 050218-654 江波りゅうがぼくのお嫁さん",
        "magnetLink": "magnet:?xt=urn:btih:RJEESNJZUZUEX5LHWXLRRHKQTQXRCGJH&amp;dn=Caribbeancom+050218-654+%E6%B1%9F%E6%B3%A2%E3%82%8A%E3%82%85%E3%81%86%E3%81%8C%E3%81%BC%E3%81%8F%E3%81%AE%E3%81%8A%E5%AB%81%E3%81%95%E3%82%93&amp;tr=http%3A%2F%2Fsukebei.tracker.wf%3A8888%2Fannounce&amp;tr=udp%3A%2F%2Fopen.stealth.si%3A80%2Fannounce&amp;tr=udp%3A%2F%2Ftracker.opentrackr.org%3A1337%2Fannounce&amp;tr=udp%3A%2F%2Ftracker.coppersurfer.tk%3A6969%2Fannounce&amp;tr=udp%3A%2F%2Ftracker.leechers-paradise.org%3A6969%2Fannounce",
        "seeds": "11",
        "shortTitle": "Caribbean.com 050218-654",
        "size": "1.9 GiB",
        "torrentLink": "https://sukebei.nyaa.si/download/2478107.torrent",
        "trailer1080pUrl": "http://smovie.caribbeancom.com/sample/movies/050218-654/1080p.mp4",
        "trailer360pUrl": "http://smovie.caribbeancom.com/sample/movies/050218-654/360p.mp4",
        "trailer480pUrl": "http://smovie.caribbeancom.com/sample/movies/050218-654/480p.mp4",
        "trailer720pUrl": "http://smovie.caribbeancom.com/sample/movies/050218-654/720p.mp4",
        "uploadDate": "2018-05-03 05:37",
      },
      Object {
        "completedDownloads": "1520",
        "coverUrl": "https://www.caribbeancom.com/moviepages/030918-618/images/l.jpg",
        "idPrefix": "030918",
        "idSuffix": "618",
        "leechs": "2",
        "longTitle": "[3xplanet] Caribbeancom_030918-618 Reina Shiraishi JAV UNCENSORED",
        "magnetLink": "magnet:?xt=urn:btih:3Q67RZB6P3BSNUXOVEFEGOBNR7ZQH6WC&amp;dn=%5B3xplanet%5D+Caribbeancom_030918-618+Reina+Shiraishi++JAV+UNCENSORED&amp;tr=http%3A%2F%2Fsukebei.tracker.wf%3A8888%2Fannounce&amp;tr=udp%3A%2F%2Fopen.stealth.si%3A80%2Fannounce&amp;tr=udp%3A%2F%2Ftracker.opentrackr.org%3A1337%2Fannounce&amp;tr=udp%3A%2F%2Ftracker.coppersurfer.tk%3A6969%2Fannounce&amp;tr=udp%3A%2F%2Ftracker.leechers-paradise.org%3A6969%2Fannounce",
        "seeds": "10",
        "shortTitle": "Caribbean.com 030918-618",
        "size": "1.7 GiB",
        "torrentLink": "https://sukebei.nyaa.si/download/2450801.torrent",
        "trailer1080pUrl": "http://smovie.caribbeancom.com/sample/movies/030918-618/1080p.mp4",
        "trailer360pUrl": "http://smovie.caribbeancom.com/sample/movies/030918-618/360p.mp4",
        "trailer480pUrl": "http://smovie.caribbeancom.com/sample/movies/030918-618/480p.mp4",
        "trailer720pUrl": "http://smovie.caribbeancom.com/sample/movies/030918-618/720p.mp4",
        "uploadDate": "2018-03-12 10:06",
      },
      Object {
        "completedDownloads": "2108",
        "coverUrl": "https://www.caribbeancom.com/moviepages/012318-589/images/l.jpg",
        "idPrefix": "012318",
        "idSuffix": "589",
        "leechs": "1",
        "longTitle": "[3xplanet] Caribbeancom_012318-589 Tachibana Ruri JAV UNCENSORED",
        "magnetLink": "magnet:?xt=urn:btih:TURJ7B3UGVBKSMHXDXQL2JMFSCMG3PPN&amp;dn=%5B3xplanet%5D+Caribbeancom_012318-589+Tachibana+Ruri++JAV+UNCENSORED&amp;tr=http%3A%2F%2Fsukebei.tracker.wf%3A8888%2Fannounce&amp;tr=udp%3A%2F%2Fopen.stealth.si%3A80%2Fannounce&amp;tr=udp%3A%2F%2Ftracker.opentrackr.org%3A1337%2Fannounce&amp;tr=udp%3A%2F%2Ftracker.coppersurfer.tk%3A6969%2Fannounce&amp;tr=udp%3A%2F%2Ftracker.leechers-paradise.org%3A6969%2Fannounce",
        "seeds": "9",
        "shortTitle": "Caribbean.com 012318-589",
        "size": "1.3 GiB",
        "torrentLink": "https://sukebei.nyaa.si/download/2426855.torrent",
        "trailer1080pUrl": "http://smovie.caribbeancom.com/sample/movies/012318-589/1080p.mp4",
        "trailer360pUrl": "http://smovie.caribbeancom.com/sample/movies/012318-589/360p.mp4",
        "trailer480pUrl": "http://smovie.caribbeancom.com/sample/movies/012318-589/480p.mp4",
        "trailer720pUrl": "http://smovie.caribbeancom.com/sample/movies/012318-589/720p.mp4",
        "uploadDate": "2018-01-25 01:00",
      },
      Object {
        "completedDownloads": "712",
        "coverUrl": "https://www.caribbeancom.com/moviepages/040518-635/images/l.jpg",
        "idPrefix": "040518",
        "idSuffix": "635",
        "leechs": "1",
        "longTitle": "[3xplanet] Caribbeancom_040518-635 Kazuto Kokoro JAV UNCENSORED",
        "magnetLink": "magnet:?xt=urn:btih:F3Q33KZZTKLIWHRWJLORLMHR66YCT5AS&amp;dn=%5B3xplanet%5D+Caribbeancom_040518-635+Kazuto+Kokoro++JAV+UNCENSORED&amp;tr=http%3A%2F%2Fsukebei.tracker.wf%3A8888%2Fannounce&amp;tr=udp%3A%2F%2Fopen.stealth.si%3A80%2Fannounce&amp;tr=udp%3A%2F%2Ftracker.opentrackr.org%3A1337%2Fannounce&amp;tr=udp%3A%2F%2Ftracker.coppersurfer.tk%3A6969%2Fannounce&amp;tr=udp%3A%2F%2Ftracker.leechers-paradise.org%3A6969%2Fannounce",
        "seeds": "9",
        "shortTitle": "Caribbean.com 040518-635",
        "size": "610.4 MiB",
        "torrentLink": "https://sukebei.nyaa.si/download/2466398.torrent",
        "trailer1080pUrl": "http://smovie.caribbeancom.com/sample/movies/040518-635/1080p.mp4",
        "trailer360pUrl": "http://smovie.caribbeancom.com/sample/movies/040518-635/360p.mp4",
        "trailer480pUrl": "http://smovie.caribbeancom.com/sample/movies/040518-635/480p.mp4",
        "trailer720pUrl": "http://smovie.caribbeancom.com/sample/movies/040518-635/720p.mp4",
        "uploadDate": "2018-04-09 14:41",
      },
      Object {
        "completedDownloads": "1491",
        "coverUrl": "https://www.caribbeancom.com/moviepages/031818-624/images/l.jpg",
        "idPrefix": "031818",
        "idSuffix": "624",
        "leechs": "0",
        "longTitle": "[3xplanet] Caribbeancom_031818-624 Aso Nozomi JAV UNCENSORED",
        "magnetLink": "magnet:?xt=urn:btih:2J4DYVYZPTD5B2PGFW6FTAEFU2GNFVR7&amp;dn=%5B3xplanet%5D+Caribbeancom_031818-624+Aso+Nozomi++JAV+UNCENSORED&amp;tr=http%3A%2F%2Fsukebei.tracker.wf%3A8888%2Fannounce&amp;tr=udp%3A%2F%2Fopen.stealth.si%3A80%2Fannounce&amp;tr=udp%3A%2F%2Ftracker.opentrackr.org%3A1337%2Fannounce&amp;tr=udp%3A%2F%2Ftracker.coppersurfer.tk%3A6969%2Fannounce&amp;tr=udp%3A%2F%2Ftracker.leechers-paradise.org%3A6969%2Fannounce",
        "seeds": "9",
        "shortTitle": "Caribbean.com 031818-624",
        "size": "1.8 GiB",
        "torrentLink": "https://sukebei.nyaa.si/download/2455975.torrent",
        "trailer1080pUrl": "http://smovie.caribbeancom.com/sample/movies/031818-624/1080p.mp4",
        "trailer360pUrl": "http://smovie.caribbeancom.com/sample/movies/031818-624/360p.mp4",
        "trailer480pUrl": "http://smovie.caribbeancom.com/sample/movies/031818-624/480p.mp4",
        "trailer720pUrl": "http://smovie.caribbeancom.com/sample/movies/031818-624/720p.mp4",
        "uploadDate": "2018-03-21 09:33",
      },
      Object {
        "completedDownloads": "1154",
        "coverUrl": "https://www.caribbeancom.com/moviepages/033118-632/images/l.jpg",
        "idPrefix": "033118",
        "idSuffix": "632",
        "leechs": "2",
        "longTitle": "[3xplanet] Caribbeancom_033118-632 Reiko Kobayakawa JAV UNCENSORED",
        "magnetLink": "magnet:?xt=urn:btih:BIOTPZXWXTSJNXYDABOIJXV2ZNVVRKDA&amp;dn=%5B3xplanet%5D+Caribbeancom_033118-632+Reiko+Kobayakawa++JAV+UNCENSORED&amp;tr=http%3A%2F%2Fsukebei.tracker.wf%3A8888%2Fannounce&amp;tr=udp%3A%2F%2Fopen.stealth.si%3A80%2Fannounce&amp;tr=udp%3A%2F%2Ftracker.opentrackr.org%3A1337%2Fannounce&amp;tr=udp%3A%2F%2Ftracker.coppersurfer.tk%3A6969%2Fannounce&amp;tr=udp%3A%2F%2Ftracker.leechers-paradise.org%3A6969%2Fannounce",
        "seeds": "9",
        "shortTitle": "Caribbean.com 033118-632",
        "size": "2.0 GiB",
        "torrentLink": "https://sukebei.nyaa.si/download/2463037.torrent",
        "trailer1080pUrl": "http://smovie.caribbeancom.com/sample/movies/033118-632/1080p.mp4",
        "trailer360pUrl": "http://smovie.caribbeancom.com/sample/movies/033118-632/360p.mp4",
        "trailer480pUrl": "http://smovie.caribbeancom.com/sample/movies/033118-632/480p.mp4",
        "trailer720pUrl": "http://smovie.caribbeancom.com/sample/movies/033118-632/720p.mp4",
        "uploadDate": "2018-04-02 18:12",
      },
      Object {
        "completedDownloads": "1283",
        "coverUrl": "https://www.caribbeancom.com/moviepages/031318-620/images/l.jpg",
        "idPrefix": "031318",
        "idSuffix": "620",
        "leechs": "2",
        "longTitle": "[3xplanet] Caribbeancom_031318-620 Masshiro Airi JAV UNCENSORED",
        "magnetLink": "magnet:?xt=urn:btih:SUATOEHOMTHYJSFVFHNSKFUL7DN5BMHK&amp;dn=%5B3xplanet%5D+Caribbeancom_031318-620+Masshiro+Airi++JAV+UNCENSORED&amp;tr=http%3A%2F%2Fsukebei.tracker.wf%3A8888%2Fannounce&amp;tr=udp%3A%2F%2Fopen.stealth.si%3A80%2Fannounce&amp;tr=udp%3A%2F%2Ftracker.opentrackr.org%3A1337%2Fannounce&amp;tr=udp%3A%2F%2Ftracker.coppersurfer.tk%3A6969%2Fannounce&amp;tr=udp%3A%2F%2Ftracker.leechers-paradise.org%3A6969%2Fannounce",
        "seeds": "9",
        "shortTitle": "Caribbean.com 031318-620",
        "size": "1.8 GiB",
        "torrentLink": "https://sukebei.nyaa.si/download/2453072.torrent",
        "trailer1080pUrl": "http://smovie.caribbeancom.com/sample/movies/031318-620/1080p.mp4",
        "trailer360pUrl": "http://smovie.caribbeancom.com/sample/movies/031318-620/360p.mp4",
        "trailer480pUrl": "http://smovie.caribbeancom.com/sample/movies/031318-620/480p.mp4",
        "trailer720pUrl": "http://smovie.caribbeancom.com/sample/movies/031318-620/720p.mp4",
        "uploadDate": "2018-03-16 10:43",
      },
      Object {
        "completedDownloads": "2203",
        "coverUrl": "https://www.caribbeancom.com/moviepages/093017-001/images/l.jpg",
        "idPrefix": "093017",
        "idSuffix": "001",
        "leechs": "0",
        "longTitle": "[3xplanet]Caribbeancom_093017_001 Himekawa Yuna JAV UNCENSORED",
        "magnetLink": "magnet:?xt=urn:btih:5BF42UO5NPHMTCUUN6X3FE5RQOI47VYO&amp;dn=%5B3xplanet%5DCaribbeancom_093017_001+Himekawa+Yuna+JAV+UNCENSORED&amp;tr=http%3A%2F%2Fsukebei.tracker.wf%3A8888%2Fannounce&amp;tr=udp%3A%2F%2Fopen.stealth.si%3A80%2Fannounce&amp;tr=udp%3A%2F%2Ftracker.opentrackr.org%3A1337%2Fannounce&amp;tr=udp%3A%2F%2Ftracker.coppersurfer.tk%3A6969%2Fannounce&amp;tr=udp%3A%2F%2Ftracker.leechers-paradise.org%3A6969%2Fannounce",
        "seeds": "8",
        "shortTitle": "Caribbean.com 093017-001",
        "size": "1.8 GiB",
        "torrentLink": "https://sukebei.nyaa.si/download/2362645.torrent",
        "trailer1080pUrl": "http://smovie.caribbeancom.com/sample/movies/093017-001/1080p.mp4",
        "trailer360pUrl": "http://smovie.caribbeancom.com/sample/movies/093017-001/360p.mp4",
        "trailer480pUrl": "http://smovie.caribbeancom.com/sample/movies/093017-001/480p.mp4",
        "trailer720pUrl": "http://smovie.caribbeancom.com/sample/movies/093017-001/720p.mp4",
        "uploadDate": "2017-10-04 19:12",
      },
      Object {
        "completedDownloads": "2243",
        "coverUrl": "https://www.caribbeancom.com/moviepages/013018-594/images/l.jpg",
        "idPrefix": "013018",
        "idSuffix": "594",
        "leechs": "1",
        "longTitle": "[3xplanet] Caribbeancom_013018-594 Risa Suzuki JAV UNCENSORED",
        "magnetLink": "magnet:?xt=urn:btih:SXH3SVBPSZWY6G2QAGZFPYUFIWGT7BV6&amp;dn=%5B3xplanet%5D+Caribbeancom_013018-594+Risa+Suzuki++JAV+UNCENSORED&amp;tr=http%3A%2F%2Fsukebei.tracker.wf%3A8888%2Fannounce&amp;tr=udp%3A%2F%2Fopen.stealth.si%3A80%2Fannounce&amp;tr=udp%3A%2F%2Ftracker.opentrackr.org%3A1337%2Fannounce&amp;tr=udp%3A%2F%2Ftracker.coppersurfer.tk%3A6969%2Fannounce&amp;tr=udp%3A%2F%2Ftracker.leechers-paradise.org%3A6969%2Fannounce",
        "seeds": "8",
        "shortTitle": "Caribbean.com 013018-594",
        "size": "1.7 GiB",
        "torrentLink": "https://sukebei.nyaa.si/download/2430979.torrent",
        "trailer1080pUrl": "http://smovie.caribbeancom.com/sample/movies/013018-594/1080p.mp4",
        "trailer360pUrl": "http://smovie.caribbeancom.com/sample/movies/013018-594/360p.mp4",
        "trailer480pUrl": "http://smovie.caribbeancom.com/sample/movies/013018-594/480p.mp4",
        "trailer720pUrl": "http://smovie.caribbeancom.com/sample/movies/013018-594/720p.mp4",
        "uploadDate": "2018-02-02 09:29",
      },
      Object {
        "completedDownloads": "1094",
        "coverUrl": "https://www.caribbeancom.com/moviepages/040718-637/images/l.jpg",
        "idPrefix": "040718",
        "idSuffix": "637",
        "leechs": "2",
        "longTitle": "[3xplanet] Caribbeancom_040718-637 Nishikawa Chihiro JAV UNCENSORED",
        "magnetLink": "magnet:?xt=urn:btih:QCSUU5VSJIWBA5M2Z6CW7TOJYAZZXKOA&amp;dn=%5B3xplanet%5D+Caribbeancom_040718-637+Nishikawa+Chihiro++JAV+UNCENSORED&amp;tr=http%3A%2F%2Fsukebei.tracker.wf%3A8888%2Fannounce&amp;tr=udp%3A%2F%2Fopen.stealth.si%3A80%2Fannounce&amp;tr=udp%3A%2F%2Ftracker.opentrackr.org%3A1337%2Fannounce&amp;tr=udp%3A%2F%2Ftracker.coppersurfer.tk%3A6969%2Fannounce&amp;tr=udp%3A%2F%2Ftracker.leechers-paradise.org%3A6969%2Fannounce",
        "seeds": "8",
        "shortTitle": "Caribbean.com 040718-637",
        "size": "1.6 GiB",
        "torrentLink": "https://sukebei.nyaa.si/download/2467180.torrent",
        "trailer1080pUrl": "http://smovie.caribbeancom.com/sample/movies/040718-637/1080p.mp4",
        "trailer360pUrl": "http://smovie.caribbeancom.com/sample/movies/040718-637/360p.mp4",
        "trailer480pUrl": "http://smovie.caribbeancom.com/sample/movies/040718-637/480p.mp4",
        "trailer720pUrl": "http://smovie.caribbeancom.com/sample/movies/040718-637/720p.mp4",
        "uploadDate": "2018-04-11 08:42",
      },
      Object {
        "completedDownloads": "1143",
        "coverUrl": "https://www.caribbeancom.com/moviepages/041418-641/images/l.jpg",
        "idPrefix": "041418",
        "idSuffix": "641",
        "leechs": "4",
        "longTitle": "[3xplanet] Caribbeancom_041418-641 Wato Kokoro JAV UNCENSORED",
        "magnetLink": "magnet:?xt=urn:btih:YRBN4R23YOD7MEM4VB6GKGRSPMIDUCYN&amp;dn=%5B3xplanet%5D+Caribbeancom_041418-641+Wato+Kokoro++JAV+UNCENSORED&amp;tr=http%3A%2F%2Fsukebei.tracker.wf%3A8888%2Fannounce&amp;tr=udp%3A%2F%2Fopen.stealth.si%3A80%2Fannounce&amp;tr=udp%3A%2F%2Ftracker.opentrackr.org%3A1337%2Fannounce&amp;tr=udp%3A%2F%2Ftracker.coppersurfer.tk%3A6969%2Fannounce&amp;tr=udp%3A%2F%2Ftracker.leechers-paradise.org%3A6969%2Fannounce",
        "seeds": "8",
        "shortTitle": "Caribbean.com 041418-641",
        "size": "1.8 GiB",
        "torrentLink": "https://sukebei.nyaa.si/download/2469869.torrent",
        "trailer1080pUrl": "http://smovie.caribbeancom.com/sample/movies/041418-641/1080p.mp4",
        "trailer360pUrl": "http://smovie.caribbeancom.com/sample/movies/041418-641/360p.mp4",
        "trailer480pUrl": "http://smovie.caribbeancom.com/sample/movies/041418-641/480p.mp4",
        "trailer720pUrl": "http://smovie.caribbeancom.com/sample/movies/041418-641/720p.mp4",
        "uploadDate": "2018-04-16 20:31",
      },
      Object {
        "completedDownloads": "1151",
        "coverUrl": "https://www.caribbeancom.com/moviepages/031718-623/images/l.jpg",
        "idPrefix": "031718",
        "idSuffix": "623",
        "leechs": "1",
        "longTitle": "[3xplanet] Caribbeancom_031718-623 Suzunan Honoka JAV UNCENSORED",
        "magnetLink": "magnet:?xt=urn:btih:HEWWFIMAWZCR4LWLX3QVMRAWXDOMAUUQ&amp;dn=%5B3xplanet%5D+Caribbeancom_031718-623+Suzunan+Honoka++JAV+UNCENSORED&amp;tr=http%3A%2F%2Fsukebei.tracker.wf%3A8888%2Fannounce&amp;tr=udp%3A%2F%2Fopen.stealth.si%3A80%2Fannounce&amp;tr=udp%3A%2F%2Ftracker.opentrackr.org%3A1337%2Fannounce&amp;tr=udp%3A%2F%2Ftracker.coppersurfer.tk%3A6969%2Fannounce&amp;tr=udp%3A%2F%2Ftracker.leechers-paradise.org%3A6969%2Fannounce",
        "seeds": "7",
        "shortTitle": "Caribbean.com 031718-623",
        "size": "1.7 GiB",
        "torrentLink": "https://sukebei.nyaa.si/download/2455362.torrent",
        "trailer1080pUrl": "http://smovie.caribbeancom.com/sample/movies/031718-623/1080p.mp4",
        "trailer360pUrl": "http://smovie.caribbeancom.com/sample/movies/031718-623/360p.mp4",
        "trailer480pUrl": "http://smovie.caribbeancom.com/sample/movies/031718-623/480p.mp4",
        "trailer720pUrl": "http://smovie.caribbeancom.com/sample/movies/031718-623/720p.mp4",
        "uploadDate": "2018-03-20 09:46",
      },
      Object {
        "completedDownloads": "874",
        "coverUrl": "https://www.caribbeancom.com/moviepages/031618-622/images/l.jpg",
        "idPrefix": "031618",
        "idSuffix": "622",
        "leechs": "3",
        "longTitle": "[3xplanet] Caribbeancom_031618-622 Ao Shino JAV UNCENSORED",
        "magnetLink": "magnet:?xt=urn:btih:LQDWOSLI4ZZSPYFHUXM4AI27UBKNO6WL&amp;dn=%5B3xplanet%5D+Caribbeancom_031618-622+Ao+Shino++JAV+UNCENSORED&amp;tr=http%3A%2F%2Fsukebei.tracker.wf%3A8888%2Fannounce&amp;tr=udp%3A%2F%2Fopen.stealth.si%3A80%2Fannounce&amp;tr=udp%3A%2F%2Ftracker.opentrackr.org%3A1337%2Fannounce&amp;tr=udp%3A%2F%2Ftracker.coppersurfer.tk%3A6969%2Fannounce&amp;tr=udp%3A%2F%2Ftracker.leechers-paradise.org%3A6969%2Fannounce",
        "seeds": "7",
        "shortTitle": "Caribbean.com 031618-622",
        "size": "1.7 GiB",
        "torrentLink": "https://sukebei.nyaa.si/download/2454800.torrent",
        "trailer1080pUrl": "http://smovie.caribbeancom.com/sample/movies/031618-622/1080p.mp4",
        "trailer360pUrl": "http://smovie.caribbeancom.com/sample/movies/031618-622/360p.mp4",
        "trailer480pUrl": "http://smovie.caribbeancom.com/sample/movies/031618-622/480p.mp4",
        "trailer720pUrl": "http://smovie.caribbeancom.com/sample/movies/031618-622/720p.mp4",
        "uploadDate": "2018-03-19 08:57",
      },
      Object {
        "completedDownloads": "1525",
        "coverUrl": "https://www.caribbeancom.com/moviepages/021618-605/images/l.jpg",
        "idPrefix": "021618",
        "idSuffix": "605",
        "leechs": "0",
        "longTitle": "[3xplanet] Caribbeancom_021618-605 Mizutori Fumino JAV UNCENSORED",
        "magnetLink": "magnet:?xt=urn:btih:BG5GAKEKI3E7J4UW2ZASDJIFHJ5A7JCS&amp;dn=%5B3xplanet%5D+Caribbeancom_021618-605+Mizutori+Fumino++JAV+UNCENSORED&amp;tr=http%3A%2F%2Fsukebei.tracker.wf%3A8888%2Fannounce&amp;tr=udp%3A%2F%2Fopen.stealth.si%3A80%2Fannounce&amp;tr=udp%3A%2F%2Ftracker.opentrackr.org%3A1337%2Fannounce&amp;tr=udp%3A%2F%2Ftracker.coppersurfer.tk%3A6969%2Fannounce&amp;tr=udp%3A%2F%2Ftracker.leechers-paradise.org%3A6969%2Fannounce",
        "seeds": "7",
        "shortTitle": "Caribbean.com 021618-605",
        "size": "1.7 GiB",
        "torrentLink": "https://sukebei.nyaa.si/download/2440071.torrent",
        "trailer1080pUrl": "http://smovie.caribbeancom.com/sample/movies/021618-605/1080p.mp4",
        "trailer360pUrl": "http://smovie.caribbeancom.com/sample/movies/021618-605/360p.mp4",
        "trailer480pUrl": "http://smovie.caribbeancom.com/sample/movies/021618-605/480p.mp4",
        "trailer720pUrl": "http://smovie.caribbeancom.com/sample/movies/021618-605/720p.mp4",
        "uploadDate": "2018-02-19 23:09",
      },
      Object {
        "completedDownloads": "52",
        "coverUrl": "https://www.caribbeancom.com/moviepages/042618-648/images/l.jpg",
        "idPrefix": "042618",
        "idSuffix": "648",
        "leechs": "3",
        "longTitle": "Caribbeancom 042618-648 マンコ図鑑 如月ジュリ",
        "magnetLink": "magnet:?xt=urn:btih:THI3YMH6PTHBTXEQB6DKDHIUUO6AIIPQ&amp;dn=Caribbeancom+042618-648+%E3%83%9E%E3%83%B3%E3%82%B3%E5%9B%B3%E9%91%91+%E5%A6%82%E6%9C%88%E3%82%B8%E3%83%A5%E3%83%AA&amp;tr=http%3A%2F%2Fsukebei.tracker.wf%3A8888%2Fannounce&amp;tr=udp%3A%2F%2Fopen.stealth.si%3A80%2Fannounce&amp;tr=udp%3A%2F%2Ftracker.opentrackr.org%3A1337%2Fannounce&amp;tr=udp%3A%2F%2Ftracker.coppersurfer.tk%3A6969%2Fannounce&amp;tr=udp%3A%2F%2Ftracker.leechers-paradise.org%3A6969%2Fannounce",
        "seeds": "7",
        "shortTitle": "Caribbean.com 042618-648",
        "size": "634.8 MiB",
        "torrentLink": "https://sukebei.nyaa.si/download/2476462.torrent",
        "trailer1080pUrl": "http://smovie.caribbeancom.com/sample/movies/042618-648/1080p.mp4",
        "trailer360pUrl": "http://smovie.caribbeancom.com/sample/movies/042618-648/360p.mp4",
        "trailer480pUrl": "http://smovie.caribbeancom.com/sample/movies/042618-648/480p.mp4",
        "trailer720pUrl": "http://smovie.caribbeancom.com/sample/movies/042618-648/720p.mp4",
        "uploadDate": "2018-04-29 22:12",
      },
      Object {
        "completedDownloads": "1914",
        "coverUrl": "https://www.caribbeancom.com/moviepages/123117-569/images/l.jpg",
        "idPrefix": "123117",
        "idSuffix": "569",
        "leechs": "1",
        "longTitle": "[3xplanet] Caribbeancom_123117-569 Mikan Kuriki JAV UNCENSORED",
        "magnetLink": "magnet:?xt=urn:btih:IKIZYH4S3LNZTIERXLZFICLJG45AY5XP&amp;dn=%5B3xplanet%5D+Caribbeancom_123117-569+Mikan+Kuriki++JAV+UNCENSORED&amp;tr=http%3A%2F%2Fsukebei.tracker.wf%3A8888%2Fannounce&amp;tr=udp%3A%2F%2Fopen.stealth.si%3A80%2Fannounce&amp;tr=udp%3A%2F%2Ftracker.opentrackr.org%3A1337%2Fannounce&amp;tr=udp%3A%2F%2Ftracker.coppersurfer.tk%3A6969%2Fannounce&amp;tr=udp%3A%2F%2Ftracker.leechers-paradise.org%3A6969%2Fannounce",
        "seeds": "6",
        "shortTitle": "Caribbean.com 123117-569",
        "size": "2.0 GiB",
        "torrentLink": "https://sukebei.nyaa.si/download/2415811.torrent",
        "trailer1080pUrl": "http://smovie.caribbeancom.com/sample/movies/123117-569/1080p.mp4",
        "trailer360pUrl": "http://smovie.caribbeancom.com/sample/movies/123117-569/360p.mp4",
        "trailer480pUrl": "http://smovie.caribbeancom.com/sample/movies/123117-569/480p.mp4",
        "trailer720pUrl": "http://smovie.caribbeancom.com/sample/movies/123117-569/720p.mp4",
        "uploadDate": "2018-01-04 13:24",
      },
      Object {
        "completedDownloads": "1146",
        "coverUrl": "https://www.caribbeancom.com/moviepages/011618-584/images/l.jpg",
        "idPrefix": "011618",
        "idSuffix": "584",
        "leechs": "0",
        "longTitle": "[3xplanet] Caribbeancom_011618-584 Hoshikawa uika JAV UNCENSORED",
        "magnetLink": "magnet:?xt=urn:btih:H77FGMM4LCUPQ32F7N5H4SV4FT4F3PPX&amp;dn=%5B3xplanet%5D+Caribbeancom_011618-584+Hoshikawa+uika++JAV+UNCENSORED&amp;tr=http%3A%2F%2Fsukebei.tracker.wf%3A8888%2Fannounce&amp;tr=udp%3A%2F%2Fopen.stealth.si%3A80%2Fannounce&amp;tr=udp%3A%2F%2Ftracker.opentrackr.org%3A1337%2Fannounce&amp;tr=udp%3A%2F%2Ftracker.coppersurfer.tk%3A6969%2Fannounce&amp;tr=udp%3A%2F%2Ftracker.leechers-paradise.org%3A6969%2Fannounce",
        "seeds": "6",
        "shortTitle": "Caribbean.com 011618-584",
        "size": "1.7 GiB",
        "torrentLink": "https://sukebei.nyaa.si/download/2423463.torrent",
        "trailer1080pUrl": "http://smovie.caribbeancom.com/sample/movies/011618-584/1080p.mp4",
        "trailer360pUrl": "http://smovie.caribbeancom.com/sample/movies/011618-584/360p.mp4",
        "trailer480pUrl": "http://smovie.caribbeancom.com/sample/movies/011618-584/480p.mp4",
        "trailer720pUrl": "http://smovie.caribbeancom.com/sample/movies/011618-584/720p.mp4",
        "uploadDate": "2018-01-18 15:12",
      },
      Object {
        "completedDownloads": "597",
        "coverUrl": "https://www.caribbeancom.com/moviepages/040318-633/images/l.jpg",
        "idPrefix": "040318",
        "idSuffix": "633",
        "leechs": "2",
        "longTitle": "[3xplanet] Caribbeancom_040318-633 Shimizu Airi JAV UNCENSORED",
        "magnetLink": "magnet:?xt=urn:btih:WHJGF4AROTJTM6AU2NK2LHSTEIHY6GPK&amp;dn=%5B3xplanet%5D+Caribbeancom_040318-633+Shimizu+Airi++JAV+UNCENSORED&amp;tr=http%3A%2F%2Fsukebei.tracker.wf%3A8888%2Fannounce&amp;tr=udp%3A%2F%2Fopen.stealth.si%3A80%2Fannounce&amp;tr=udp%3A%2F%2Ftracker.opentrackr.org%3A1337%2Fannounce&amp;tr=udp%3A%2F%2Ftracker.coppersurfer.tk%3A6969%2Fannounce&amp;tr=udp%3A%2F%2Ftracker.leechers-paradise.org%3A6969%2Fannounce",
        "seeds": "6",
        "shortTitle": "Caribbean.com 040318-633",
        "size": "1.7 GiB",
        "torrentLink": "https://sukebei.nyaa.si/download/2464538.torrent",
        "trailer1080pUrl": "http://smovie.caribbeancom.com/sample/movies/040318-633/1080p.mp4",
        "trailer360pUrl": "http://smovie.caribbeancom.com/sample/movies/040318-633/360p.mp4",
        "trailer480pUrl": "http://smovie.caribbeancom.com/sample/movies/040318-633/480p.mp4",
        "trailer720pUrl": "http://smovie.caribbeancom.com/sample/movies/040318-633/720p.mp4",
        "uploadDate": "2018-04-05 10:40",
      },
      Object {
        "completedDownloads": "1447",
        "coverUrl": "https://www.caribbeancom.com/moviepages/020618-598/images/l.jpg",
        "idPrefix": "020618",
        "idSuffix": "598",
        "leechs": "0",
        "longTitle": "[3xplanet] Caribbeancom_020618-598 Aso Nozomi JAV UNCENSORED",
        "magnetLink": "magnet:?xt=urn:btih:RCLOZ6DSRYQT65JYHPD37BLA6346K346&amp;dn=%5B3xplanet%5D+Caribbeancom_020618-598+Aso+Nozomi++JAV+UNCENSORED&amp;tr=http%3A%2F%2Fsukebei.tracker.wf%3A8888%2Fannounce&amp;tr=udp%3A%2F%2Fopen.stealth.si%3A80%2Fannounce&amp;tr=udp%3A%2F%2Ftracker.opentrackr.org%3A1337%2Fannounce&amp;tr=udp%3A%2F%2Ftracker.coppersurfer.tk%3A6969%2Fannounce&amp;tr=udp%3A%2F%2Ftracker.leechers-paradise.org%3A6969%2Fannounce",
        "seeds": "6",
        "shortTitle": "Caribbean.com 020618-598",
        "size": "1.8 GiB",
        "torrentLink": "https://sukebei.nyaa.si/download/2434776.torrent",
        "trailer1080pUrl": "http://smovie.caribbeancom.com/sample/movies/020618-598/1080p.mp4",
        "trailer360pUrl": "http://smovie.caribbeancom.com/sample/movies/020618-598/360p.mp4",
        "trailer480pUrl": "http://smovie.caribbeancom.com/sample/movies/020618-598/480p.mp4",
        "trailer720pUrl": "http://smovie.caribbeancom.com/sample/movies/020618-598/720p.mp4",
        "uploadDate": "2018-02-08 23:38",
      },
      Object {
        "completedDownloads": "866",
        "coverUrl": "https://www.caribbeancom.com/moviepages/032418-628/images/l.jpg",
        "idPrefix": "032418",
        "idSuffix": "628",
        "leechs": "0",
        "longTitle": "[3xplanet] Caribbeancom_032418-628 Sugiura kaon JAV UNCENSORED",
        "magnetLink": "magnet:?xt=urn:btih:YZG3Z7GD4HBAAOKLQ22M64X4KT3J63ND&amp;dn=%5B3xplanet%5D+Caribbeancom_032418-628+Sugiura+kaon++JAV+UNCENSORED&amp;tr=http%3A%2F%2Fsukebei.tracker.wf%3A8888%2Fannounce&amp;tr=udp%3A%2F%2Fopen.stealth.si%3A80%2Fannounce&amp;tr=udp%3A%2F%2Ftracker.opentrackr.org%3A1337%2Fannounce&amp;tr=udp%3A%2F%2Ftracker.coppersurfer.tk%3A6969%2Fannounce&amp;tr=udp%3A%2F%2Ftracker.leechers-paradise.org%3A6969%2Fannounce",
        "seeds": "6",
        "shortTitle": "Caribbean.com 032418-628",
        "size": "1.8 GiB",
        "torrentLink": "https://sukebei.nyaa.si/download/2459383.torrent",
        "trailer1080pUrl": "http://smovie.caribbeancom.com/sample/movies/032418-628/1080p.mp4",
        "trailer360pUrl": "http://smovie.caribbeancom.com/sample/movies/032418-628/360p.mp4",
        "trailer480pUrl": "http://smovie.caribbeancom.com/sample/movies/032418-628/480p.mp4",
        "trailer720pUrl": "http://smovie.caribbeancom.com/sample/movies/032418-628/720p.mp4",
        "uploadDate": "2018-03-27 08:19",
      },
      Object {
        "completedDownloads": "941",
        "coverUrl": "https://www.caribbeancom.com/moviepages/040418-634/images/l.jpg",
        "idPrefix": "040418",
        "idSuffix": "634",
        "leechs": "7",
        "longTitle": "[3xplanet] Caribbeancom_040418-634 Hiromi Okura JAV UNCENSORED",
        "magnetLink": "magnet:?xt=urn:btih:VSFMNX7BIUGC7VBHN6YESA7ALGGRVRTP&amp;dn=%5B3xplanet%5D+Caribbeancom_040418-634+Hiromi+Okura++JAV+UNCENSORED&amp;tr=http%3A%2F%2Fsukebei.tracker.wf%3A8888%2Fannounce&amp;tr=udp%3A%2F%2Fopen.stealth.si%3A80%2Fannounce&amp;tr=udp%3A%2F%2Ftracker.opentrackr.org%3A1337%2Fannounce&amp;tr=udp%3A%2F%2Ftracker.coppersurfer.tk%3A6969%2Fannounce&amp;tr=udp%3A%2F%2Ftracker.leechers-paradise.org%3A6969%2Fannounce",
        "seeds": "6",
        "shortTitle": "Caribbean.com 040418-634",
        "size": "1.5 GiB",
        "torrentLink": "https://sukebei.nyaa.si/download/2465498.torrent",
        "trailer1080pUrl": "http://smovie.caribbeancom.com/sample/movies/040418-634/1080p.mp4",
        "trailer360pUrl": "http://smovie.caribbeancom.com/sample/movies/040418-634/360p.mp4",
        "trailer480pUrl": "http://smovie.caribbeancom.com/sample/movies/040418-634/480p.mp4",
        "trailer720pUrl": "http://smovie.caribbeancom.com/sample/movies/040418-634/720p.mp4",
        "uploadDate": "2018-04-07 09:03",
      },
      Object {
        "completedDownloads": "881",
        "coverUrl": "https://www.caribbeancom.com/moviepages/041018-638/images/l.jpg",
        "idPrefix": "041018",
        "idSuffix": "638",
        "leechs": "3",
        "longTitle": "[3xplanet] Caribbeancom_041018-638 Usagi miyu JAV UNCENSORED",
        "magnetLink": "magnet:?xt=urn:btih:NRTRJU72YPFRQ37NK2HJXRGBGT6CW6UB&amp;dn=%5B3xplanet%5D+Caribbeancom_041018-638+Usagi+miyu++JAV+UNCENSORED&amp;tr=http%3A%2F%2Fsukebei.tracker.wf%3A8888%2Fannounce&amp;tr=udp%3A%2F%2Fopen.stealth.si%3A80%2Fannounce&amp;tr=udp%3A%2F%2Ftracker.opentrackr.org%3A1337%2Fannounce&amp;tr=udp%3A%2F%2Ftracker.coppersurfer.tk%3A6969%2Fannounce&amp;tr=udp%3A%2F%2Ftracker.leechers-paradise.org%3A6969%2Fannounce",
        "seeds": "6",
        "shortTitle": "Caribbean.com 041018-638",
        "size": "1.8 GiB",
        "torrentLink": "https://sukebei.nyaa.si/download/2468230.torrent",
        "trailer1080pUrl": "http://smovie.caribbeancom.com/sample/movies/041018-638/1080p.mp4",
        "trailer360pUrl": "http://smovie.caribbeancom.com/sample/movies/041018-638/360p.mp4",
        "trailer480pUrl": "http://smovie.caribbeancom.com/sample/movies/041018-638/480p.mp4",
        "trailer720pUrl": "http://smovie.caribbeancom.com/sample/movies/041018-638/720p.mp4",
        "uploadDate": "2018-04-13 09:40",
      },
      Object {
        "completedDownloads": "1814",
        "coverUrl": "https://www.caribbeancom.com/moviepages/110117-001/images/l.jpg",
        "idPrefix": "110117",
        "idSuffix": "001",
        "leechs": "1",
        "longTitle": "Caribbeancompr 110117_001 レズビアン大乱交～朝比奈菜々子&amp;白石麗奈～",
        "magnetLink": "magnet:?xt=urn:btih:F6NIXEXZU3FA3W56MYMEWLDK3YTNPI3O&amp;dn=Caribbeancompr+110117_001+%E3%83%AC%E3%82%BA%E3%83%93%E3%82%A2%E3%83%B3%E5%A4%A7%E4%B9%B1%E4%BA%A4%EF%BD%9E%E6%9C%9D%E6%AF%94%E5%A5%88%E8%8F%9C%E3%80%85%E5%AD%90%26%E7%99%BD%E7%9F%B3%E9%BA%97%E5%A5%88%EF%BD%9E&amp;tr=http%3A%2F%2Fsukebei.tracker.wf%3A8888%2Fannounce&amp;tr=udp%3A%2F%2Fopen.stealth.si%3A80%2Fannounce&amp;tr=udp%3A%2F%2Ftracker.opentrackr.org%3A1337%2Fannounce&amp;tr=udp%3A%2F%2Ftracker.coppersurfer.tk%3A6969%2Fannounce&amp;tr=udp%3A%2F%2Ftracker.leechers-paradise.org%3A6969%2Fannounce",
        "seeds": "5",
        "shortTitle": "Caribbean.com 110117-001",
        "size": "1.7 GiB",
        "torrentLink": "https://sukebei.nyaa.si/download/2382540.torrent",
        "trailer1080pUrl": "http://smovie.caribbeancom.com/sample/movies/110117-001/1080p.mp4",
        "trailer360pUrl": "http://smovie.caribbeancom.com/sample/movies/110117-001/360p.mp4",
        "trailer480pUrl": "http://smovie.caribbeancom.com/sample/movies/110117-001/480p.mp4",
        "trailer720pUrl": "http://smovie.caribbeancom.com/sample/movies/110117-001/720p.mp4",
        "uploadDate": "2017-11-06 08:13",
      },
      Object {
        "completedDownloads": "3788",
        "coverUrl": "https://www.caribbeancom.com/moviepages/101317-001/images/l.jpg",
        "idPrefix": "101317",
        "idSuffix": "001",
        "leechs": "3",
        "longTitle": "Caribbeancompr 101317_001 可愛い顔して中身は痴女なの",
        "magnetLink": "magnet:?xt=urn:btih:GHXHNWZZ56C57T22AB2YGMDG6M7T2VPV&amp;dn=Caribbeancompr+101317_001+%E5%8F%AF%E6%84%9B%E3%81%84%E9%A1%94%E3%81%97%E3%81%A6%E4%B8%AD%E8%BA%AB%E3%81%AF%E7%97%B4%E5%A5%B3%E3%81%AA%E3%81%AE&amp;tr=http%3A%2F%2Fsukebei.tracker.wf%3A8888%2Fannounce&amp;tr=udp%3A%2F%2Fopen.stealth.si%3A80%2Fannounce&amp;tr=udp%3A%2F%2Ftracker.opentrackr.org%3A1337%2Fannounce&amp;tr=udp%3A%2F%2Ftracker.coppersurfer.tk%3A6969%2Fannounce&amp;tr=udp%3A%2F%2Ftracker.leechers-paradise.org%3A6969%2Fannounce",
        "seeds": "5",
        "shortTitle": "Caribbean.com 101317-001",
        "size": "1.6 GiB",
        "torrentLink": "https://sukebei.nyaa.si/download/2369652.torrent",
        "trailer1080pUrl": "http://smovie.caribbeancom.com/sample/movies/101317-001/1080p.mp4",
        "trailer360pUrl": "http://smovie.caribbeancom.com/sample/movies/101317-001/360p.mp4",
        "trailer480pUrl": "http://smovie.caribbeancom.com/sample/movies/101317-001/480p.mp4",
        "trailer720pUrl": "http://smovie.caribbeancom.com/sample/movies/101317-001/720p.mp4",
        "uploadDate": "2017-10-15 09:54",
      },
      Object {
        "completedDownloads": "1975",
        "coverUrl": "https://www.caribbeancom.com/moviepages/022418-610/images/l.jpg",
        "idPrefix": "022418",
        "idSuffix": "610",
        "leechs": "0",
        "longTitle": "[3xplanet] Caribbeancom_022418-610 Kazuto Kokoro JAV UNCENSORED",
        "magnetLink": "magnet:?xt=urn:btih:FUA4KZSVEQW7I55DKXTRPYOUXCXRN4MF&amp;dn=%5B3xplanet%5D+Caribbeancom_022418-610+Kazuto+Kokoro++JAV+UNCENSORED&amp;tr=http%3A%2F%2Fsukebei.tracker.wf%3A8888%2Fannounce&amp;tr=udp%3A%2F%2Fopen.stealth.si%3A80%2Fannounce&amp;tr=udp%3A%2F%2Ftracker.opentrackr.org%3A1337%2Fannounce&amp;tr=udp%3A%2F%2Ftracker.coppersurfer.tk%3A6969%2Fannounce&amp;tr=udp%3A%2F%2Ftracker.leechers-paradise.org%3A6969%2Fannounce",
        "seeds": "5",
        "shortTitle": "Caribbean.com 022418-610",
        "size": "1.9 GiB",
        "torrentLink": "https://sukebei.nyaa.si/download/2444188.torrent",
        "trailer1080pUrl": "http://smovie.caribbeancom.com/sample/movies/022418-610/1080p.mp4",
        "trailer360pUrl": "http://smovie.caribbeancom.com/sample/movies/022418-610/360p.mp4",
        "trailer480pUrl": "http://smovie.caribbeancom.com/sample/movies/022418-610/480p.mp4",
        "trailer720pUrl": "http://smovie.caribbeancom.com/sample/movies/022418-610/720p.mp4",
        "uploadDate": "2018-02-27 23:17",
      },
      Object {
        "completedDownloads": "28",
        "coverUrl": "https://www.caribbeancom.com/moviepages/022412-951/images/l.jpg",
        "idPrefix": "022412",
        "idSuffix": "951",
        "leechs": "0",
        "longTitle": "[Caribbeancom-022412_951] カリビアンコム 022412-951 連続顔射恍惚 [040]",
        "magnetLink": "magnet:?xt=urn:btih:XFVGWGV3KRNJNQSQANXMXO7SBQCVPKI4&amp;dn=%5BCaribbeancom-022412_951%5D+%E3%82%AB%E3%83%AA%E3%83%93%E3%82%A2%E3%83%B3%E3%82%B3%E3%83%A0+022412-951+%E9%80%A3%E7%B6%9A%E9%A1%94%E5%B0%84%E6%81%8D%E6%83%9A+%5B040%5D&amp;tr=http%3A%2F%2Fsukebei.tracker.wf%3A8888%2Fannounce&amp;tr=udp%3A%2F%2Fopen.stealth.si%3A80%2Fannounce&amp;tr=udp%3A%2F%2Ftracker.opentrackr.org%3A1337%2Fannounce&amp;tr=udp%3A%2F%2Ftracker.coppersurfer.tk%3A6969%2Fannounce&amp;tr=udp%3A%2F%2Ftracker.leechers-paradise.org%3A6969%2Fannounce",
        "seeds": "5",
        "shortTitle": "Caribbean.com 022412-951",
        "size": "849.8 MiB",
        "torrentLink": "https://sukebei.nyaa.si/download/2476067.torrent",
        "trailer1080pUrl": "http://smovie.caribbeancom.com/sample/movies/022412-951/1080p.mp4",
        "trailer360pUrl": "http://smovie.caribbeancom.com/sample/movies/022412-951/360p.mp4",
        "trailer480pUrl": "http://smovie.caribbeancom.com/sample/movies/022412-951/480p.mp4",
        "trailer720pUrl": "http://smovie.caribbeancom.com/sample/movies/022412-951/720p.mp4",
        "uploadDate": "2018-04-29 05:18",
      },
      Object {
        "completedDownloads": "113",
        "coverUrl": "https://www.caribbeancom.com/moviepages/031618-001/images/l.jpg",
        "idPrefix": "031618",
        "idSuffix": "001",
        "leechs": "1",
        "longTitle": "[Caribbeancompr-031618_001] カリビアンコム プレミアム 031618_001 月刊 源 [040]",
        "magnetLink": "magnet:?xt=urn:btih:DDWOAMV3Q2OYX3VILTV2MMSSLCNEUC3Y&amp;dn=%5BCaribbeancompr-031618_001%5D+%E3%82%AB%E3%83%AA%E3%83%93%E3%82%A2%E3%83%B3%E3%82%B3%E3%83%A0+%E3%83%97%E3%83%AC%E3%83%9F%E3%82%A2%E3%83%A0+031618_001+%E6%9C%88%E5%88%8A+%E6%BA%90+%5B040%5D&amp;tr=http%3A%2F%2Fsukebei.tracker.wf%3A8888%2Fannounce&amp;tr=udp%3A%2F%2Fopen.stealth.si%3A80%2Fannounce&amp;tr=udp%3A%2F%2Ftracker.opentrackr.org%3A1337%2Fannounce&amp;tr=udp%3A%2F%2Ftracker.coppersurfer.tk%3A6969%2Fannounce&amp;tr=udp%3A%2F%2Ftracker.leechers-paradise.org%3A6969%2Fannounce",
        "seeds": "5",
        "shortTitle": "Caribbean.com 031618-001",
        "size": "2.7 GiB",
        "torrentLink": "https://sukebei.nyaa.si/download/2474842.torrent",
        "trailer1080pUrl": "http://smovie.caribbeancom.com/sample/movies/031618-001/1080p.mp4",
        "trailer360pUrl": "http://smovie.caribbeancom.com/sample/movies/031618-001/360p.mp4",
        "trailer480pUrl": "http://smovie.caribbeancom.com/sample/movies/031618-001/480p.mp4",
        "trailer720pUrl": "http://smovie.caribbeancom.com/sample/movies/031618-001/720p.mp4",
        "uploadDate": "2018-04-27 04:35",
      },
      Object {
        "completedDownloads": "2089",
        "coverUrl": "https://www.caribbeancom.com/moviepages/120817-002/images/l.jpg",
        "idPrefix": "120817",
        "idSuffix": "002",
        "leechs": "3",
        "longTitle": "[3xplanet] Caribbeancom_120817_002 Emi Asemi JAV UNCENSORED",
        "magnetLink": "magnet:?xt=urn:btih:SLB2HG2BZBADPGZG3FDKYKMIJ3W23WCX&amp;dn=%5B3xplanet%5D+Caribbeancom_120817_002+Emi+Asemi++JAV+UNCENSORED&amp;tr=http%3A%2F%2Fsukebei.tracker.wf%3A8888%2Fannounce&amp;tr=udp%3A%2F%2Fopen.stealth.si%3A80%2Fannounce&amp;tr=udp%3A%2F%2Ftracker.opentrackr.org%3A1337%2Fannounce&amp;tr=udp%3A%2F%2Ftracker.coppersurfer.tk%3A6969%2Fannounce&amp;tr=udp%3A%2F%2Ftracker.leechers-paradise.org%3A6969%2Fannounce",
        "seeds": "5",
        "shortTitle": "Caribbean.com 120817-002",
        "size": "4.1 GiB",
        "torrentLink": "https://sukebei.nyaa.si/download/2401229.torrent",
        "trailer1080pUrl": "http://smovie.caribbeancom.com/sample/movies/120817-002/1080p.mp4",
        "trailer360pUrl": "http://smovie.caribbeancom.com/sample/movies/120817-002/360p.mp4",
        "trailer480pUrl": "http://smovie.caribbeancom.com/sample/movies/120817-002/480p.mp4",
        "trailer720pUrl": "http://smovie.caribbeancom.com/sample/movies/120817-002/720p.mp4",
        "uploadDate": "2017-12-10 10:00",
      },
      Object {
        "completedDownloads": "466",
        "coverUrl": "https://www.caribbeancom.com/moviepages/041818-643/images/l.jpg",
        "idPrefix": "041818",
        "idSuffix": "643",
        "leechs": "1",
        "longTitle": "[3xplanet] Caribbeancom_041818-643 Sugiura kaon JAV UNCENSORED",
        "magnetLink": "magnet:?xt=urn:btih:YAIOUEL7FUR6CBEH7O4BQGHHCKA5ELUD&amp;dn=%5B3xplanet%5D+Caribbeancom_041818-643+Sugiura+kaon++JAV+UNCENSORED&amp;tr=http%3A%2F%2Fsukebei.tracker.wf%3A8888%2Fannounce&amp;tr=udp%3A%2F%2Fopen.stealth.si%3A80%2Fannounce&amp;tr=udp%3A%2F%2Ftracker.opentrackr.org%3A1337%2Fannounce&amp;tr=udp%3A%2F%2Ftracker.coppersurfer.tk%3A6969%2Fannounce&amp;tr=udp%3A%2F%2Ftracker.leechers-paradise.org%3A6969%2Fannounce",
        "seeds": "5",
        "shortTitle": "Caribbean.com 041818-643",
        "size": "625.4 MiB",
        "torrentLink": "https://sukebei.nyaa.si/download/2471573.torrent",
        "trailer1080pUrl": "http://smovie.caribbeancom.com/sample/movies/041818-643/1080p.mp4",
        "trailer360pUrl": "http://smovie.caribbeancom.com/sample/movies/041818-643/360p.mp4",
        "trailer480pUrl": "http://smovie.caribbeancom.com/sample/movies/041818-643/480p.mp4",
        "trailer720pUrl": "http://smovie.caribbeancom.com/sample/movies/041818-643/720p.mp4",
        "uploadDate": "2018-04-20 13:49",
      },
      Object {
        "completedDownloads": "355",
        "coverUrl": "https://www.caribbeancom.com/moviepages/040618-636/images/l.jpg",
        "idPrefix": "040618",
        "idSuffix": "636",
        "leechs": "8",
        "longTitle": "Caribbeancom 040618-636 セクハラ巨乳上司 すみれ美香",
        "magnetLink": "magnet:?xt=urn:btih:HFLV72UQPG4YWGUIBGIQ5PRQUM53TJJP&amp;dn=Caribbeancom+040618-636+%E3%82%BB%E3%82%AF%E3%83%8F%E3%83%A9%E5%B7%A8%E4%B9%B3%E4%B8%8A%E5%8F%B8+%E3%81%99%E3%81%BF%E3%82%8C%E7%BE%8E%E9%A6%99&amp;tr=http%3A%2F%2Fsukebei.tracker.wf%3A8888%2Fannounce&amp;tr=udp%3A%2F%2Fopen.stealth.si%3A80%2Fannounce&amp;tr=udp%3A%2F%2Ftracker.opentrackr.org%3A1337%2Fannounce&amp;tr=udp%3A%2F%2Ftracker.coppersurfer.tk%3A6969%2Fannounce&amp;tr=udp%3A%2F%2Ftracker.leechers-paradise.org%3A6969%2Fannounce",
        "seeds": "5",
        "shortTitle": "Caribbean.com 040618-636",
        "size": "1.8 GiB",
        "torrentLink": "https://sukebei.nyaa.si/download/2465274.torrent",
        "trailer1080pUrl": "http://smovie.caribbeancom.com/sample/movies/040618-636/1080p.mp4",
        "trailer360pUrl": "http://smovie.caribbeancom.com/sample/movies/040618-636/360p.mp4",
        "trailer480pUrl": "http://smovie.caribbeancom.com/sample/movies/040618-636/480p.mp4",
        "trailer720pUrl": "http://smovie.caribbeancom.com/sample/movies/040618-636/720p.mp4",
        "uploadDate": "2018-04-06 20:39",
      },
      Object {
        "completedDownloads": "1567",
        "coverUrl": "https://www.caribbeancom.com/moviepages/020318-597/images/l.jpg",
        "idPrefix": "020318",
        "idSuffix": "597",
        "leechs": "2",
        "longTitle": "[3xplanet] Caribbeancom_020318-597 Nishikawa Chihiro JAV UNCENSORED",
        "magnetLink": "magnet:?xt=urn:btih:YPXGW6RWD3W4HQHPIZWM4ID3OZI4P4YI&amp;dn=%5B3xplanet%5D+Caribbeancom_020318-597+Nishikawa+Chihiro++JAV+UNCENSORED&amp;tr=http%3A%2F%2Fsukebei.tracker.wf%3A8888%2Fannounce&amp;tr=udp%3A%2F%2Fopen.stealth.si%3A80%2Fannounce&amp;tr=udp%3A%2F%2Ftracker.opentrackr.org%3A1337%2Fannounce&amp;tr=udp%3A%2F%2Ftracker.coppersurfer.tk%3A6969%2Fannounce&amp;tr=udp%3A%2F%2Ftracker.leechers-paradise.org%3A6969%2Fannounce",
        "seeds": "5",
        "shortTitle": "Caribbean.com 020318-597",
        "size": "1.7 GiB",
        "torrentLink": "https://sukebei.nyaa.si/download/2433800.torrent",
        "trailer1080pUrl": "http://smovie.caribbeancom.com/sample/movies/020318-597/1080p.mp4",
        "trailer360pUrl": "http://smovie.caribbeancom.com/sample/movies/020318-597/360p.mp4",
        "trailer480pUrl": "http://smovie.caribbeancom.com/sample/movies/020318-597/480p.mp4",
        "trailer720pUrl": "http://smovie.caribbeancom.com/sample/movies/020318-597/720p.mp4",
        "uploadDate": "2018-02-07 10:42",
      },
      Object {
        "completedDownloads": "1499",
        "coverUrl": "https://www.caribbeancom.com/moviepages/020218-596/images/l.jpg",
        "idPrefix": "020218",
        "idSuffix": "596",
        "leechs": "1",
        "longTitle": "[3xplanet] Caribbeancom_020218-596 Shiraishi Rena JAV UNCENSORED",
        "magnetLink": "magnet:?xt=urn:btih:6MVVM2FLGT64U3ETSHXBWTI52ZA3J27M&amp;dn=%5B3xplanet%5D+Caribbeancom_020218-596+Shiraishi+Rena++JAV+UNCENSORED&amp;tr=http%3A%2F%2Fsukebei.tracker.wf%3A8888%2Fannounce&amp;tr=udp%3A%2F%2Fopen.stealth.si%3A80%2Fannounce&amp;tr=udp%3A%2F%2Ftracker.opentrackr.org%3A1337%2Fannounce&amp;tr=udp%3A%2F%2Ftracker.coppersurfer.tk%3A6969%2Fannounce&amp;tr=udp%3A%2F%2Ftracker.leechers-paradise.org%3A6969%2Fannounce",
        "seeds": "5",
        "shortTitle": "Caribbean.com 020218-596",
        "size": "1.7 GiB",
        "torrentLink": "https://sukebei.nyaa.si/download/2432973.torrent",
        "trailer1080pUrl": "http://smovie.caribbeancom.com/sample/movies/020218-596/1080p.mp4",
        "trailer360pUrl": "http://smovie.caribbeancom.com/sample/movies/020218-596/360p.mp4",
        "trailer480pUrl": "http://smovie.caribbeancom.com/sample/movies/020218-596/480p.mp4",
        "trailer720pUrl": "http://smovie.caribbeancom.com/sample/movies/020218-596/720p.mp4",
        "uploadDate": "2018-02-05 20:18",
      },
      Object {
        "completedDownloads": "1296",
        "coverUrl": "https://www.caribbeancom.com/moviepages/041118-639/images/l.jpg",
        "idPrefix": "041118",
        "idSuffix": "639",
        "leechs": "8",
        "longTitle": "[3xplanet] Caribbeancom_041118-639 Rina Kanda JAV UNCENSORED",
        "magnetLink": "magnet:?xt=urn:btih:KCKLMZQ7HBBHZ55C7AEOCVX4WGL5ZMXW&amp;dn=%5B3xplanet%5D+Caribbeancom_041118-639+Rina+Kanda++JAV+UNCENSORED&amp;tr=http%3A%2F%2Fsukebei.tracker.wf%3A8888%2Fannounce&amp;tr=udp%3A%2F%2Fopen.stealth.si%3A80%2Fannounce&amp;tr=udp%3A%2F%2Ftracker.opentrackr.org%3A1337%2Fannounce&amp;tr=udp%3A%2F%2Ftracker.coppersurfer.tk%3A6969%2Fannounce&amp;tr=udp%3A%2F%2Ftracker.leechers-paradise.org%3A6969%2Fannounce",
        "seeds": "5",
        "shortTitle": "Caribbean.com 041118-639",
        "size": "1.6 GiB",
        "torrentLink": "https://sukebei.nyaa.si/download/2468627.torrent",
        "trailer1080pUrl": "http://smovie.caribbeancom.com/sample/movies/041118-639/1080p.mp4",
        "trailer360pUrl": "http://smovie.caribbeancom.com/sample/movies/041118-639/360p.mp4",
        "trailer480pUrl": "http://smovie.caribbeancom.com/sample/movies/041118-639/480p.mp4",
        "trailer720pUrl": "http://smovie.caribbeancom.com/sample/movies/041118-639/720p.mp4",
        "uploadDate": "2018-04-14 09:06",
      },
      Object {
        "completedDownloads": "2751",
        "coverUrl": "https://www.caribbeancom.com/moviepages/110817-002/images/l.jpg",
        "idPrefix": "110817",
        "idSuffix": "002",
        "leechs": "1",
        "longTitle": "Caribbeancompr 110817_002 メイどーる Vo.4～ご主人様のいいなり性人形～",
        "magnetLink": "magnet:?xt=urn:btih:W6GYH3PVQYSDAKMBEW433XJUR7NROMLN&amp;dn=Caribbeancompr+110817_002+%E3%83%A1%E3%82%A4%E3%81%A9%E3%83%BC%E3%82%8B+Vo.4%EF%BD%9E%E3%81%94%E4%B8%BB%E4%BA%BA%E6%A7%98%E3%81%AE%E3%81%84%E3%81%84%E3%81%AA%E3%82%8A%E6%80%A7%E4%BA%BA%E5%BD%A2%EF%BD%9E&amp;tr=http%3A%2F%2Fsukebei.tracker.wf%3A8888%2Fannounce&amp;tr=udp%3A%2F%2Fopen.stealth.si%3A80%2Fannounce&amp;tr=udp%3A%2F%2Ftracker.opentrackr.org%3A1337%2Fannounce&amp;tr=udp%3A%2F%2Ftracker.coppersurfer.tk%3A6969%2Fannounce&amp;tr=udp%3A%2F%2Ftracker.leechers-paradise.org%3A6969%2Fannounce",
        "seeds": "5",
        "shortTitle": "Caribbean.com 110817-002",
        "size": "1.8 GiB",
        "torrentLink": "https://sukebei.nyaa.si/download/2382551.torrent",
        "trailer1080pUrl": "http://smovie.caribbeancom.com/sample/movies/110817-002/1080p.mp4",
        "trailer360pUrl": "http://smovie.caribbeancom.com/sample/movies/110817-002/360p.mp4",
        "trailer480pUrl": "http://smovie.caribbeancom.com/sample/movies/110817-002/480p.mp4",
        "trailer720pUrl": "http://smovie.caribbeancom.com/sample/movies/110817-002/720p.mp4",
        "uploadDate": "2017-11-06 08:16",
      },
      Object {
        "completedDownloads": "68",
        "coverUrl": "https://www.caribbeancom.com/moviepages/042418-646/images/l.jpg",
        "idPrefix": "042418",
        "idSuffix": "646",
        "leechs": "6",
        "longTitle": "Caribbeancom 042418-646 あまえんぼう Vol.33 南星愛",
        "magnetLink": "magnet:?xt=urn:btih:3IGWHH2D63QYWOAF4B37ZLIGCQP7UXDU&amp;dn=Caribbeancom+042418-646+%E3%81%82%E3%81%BE%E3%81%88%E3%82%93%E3%81%BC%E3%81%86+Vol.33+%E5%8D%97%E6%98%9F%E6%84%9B&amp;tr=http%3A%2F%2Fsukebei.tracker.wf%3A8888%2Fannounce&amp;tr=udp%3A%2F%2Fopen.stealth.si%3A80%2Fannounce&amp;tr=udp%3A%2F%2Ftracker.opentrackr.org%3A1337%2Fannounce&amp;tr=udp%3A%2F%2Ftracker.coppersurfer.tk%3A6969%2Fannounce&amp;tr=udp%3A%2F%2Ftracker.leechers-paradise.org%3A6969%2Fannounce",
        "seeds": "5",
        "shortTitle": "Caribbean.com 042418-646",
        "size": "1.7 GiB",
        "torrentLink": "https://sukebei.nyaa.si/download/2476458.torrent",
        "trailer1080pUrl": "http://smovie.caribbeancom.com/sample/movies/042418-646/1080p.mp4",
        "trailer360pUrl": "http://smovie.caribbeancom.com/sample/movies/042418-646/360p.mp4",
        "trailer480pUrl": "http://smovie.caribbeancom.com/sample/movies/042418-646/480p.mp4",
        "trailer720pUrl": "http://smovie.caribbeancom.com/sample/movies/042418-646/720p.mp4",
        "uploadDate": "2018-04-29 22:08",
      },
      Object {
        "completedDownloads": "521",
        "coverUrl": "https://www.caribbeancom.com/moviepages/042518-647/images/l.jpg",
        "idPrefix": "042518",
        "idSuffix": "647",
        "leechs": "4",
        "longTitle": "[3xplanet] Caribbeancom_042518-647 Ariga Yua Kato Tsubaki Suzuki Satomi JAV UNCENSORED",
        "magnetLink": "magnet:?xt=urn:btih:3ABNVUN7LADWZWQOIWPHN3VSLSWVU5KJ&amp;dn=%5B3xplanet%5D+Caribbeancom_042518-647+Ariga+Yua++Kato+Tsubaki++Suzuki+Satomi++JAV+UNCENSORED&amp;tr=http%3A%2F%2Fsukebei.tracker.wf%3A8888%2Fannounce&amp;tr=udp%3A%2F%2Fopen.stealth.si%3A80%2Fannounce&amp;tr=udp%3A%2F%2Ftracker.opentrackr.org%3A1337%2Fannounce&amp;tr=udp%3A%2F%2Ftracker.coppersurfer.tk%3A6969%2Fannounce&amp;tr=udp%3A%2F%2Ftracker.leechers-paradise.org%3A6969%2Fannounce",
        "seeds": "5",
        "shortTitle": "Caribbean.com 042518-647",
        "size": "2.2 GiB",
        "torrentLink": "https://sukebei.nyaa.si/download/2475127.torrent",
        "trailer1080pUrl": "http://smovie.caribbeancom.com/sample/movies/042518-647/1080p.mp4",
        "trailer360pUrl": "http://smovie.caribbeancom.com/sample/movies/042518-647/360p.mp4",
        "trailer480pUrl": "http://smovie.caribbeancom.com/sample/movies/042518-647/480p.mp4",
        "trailer720pUrl": "http://smovie.caribbeancom.com/sample/movies/042518-647/720p.mp4",
        "uploadDate": "2018-04-27 14:38",
      },
      Object {
        "completedDownloads": "786",
        "coverUrl": "https://www.caribbeancom.com/moviepages/030618-616/images/l.jpg",
        "idPrefix": "030618",
        "idSuffix": "616",
        "leechs": "0",
        "longTitle": "[3xplanet] Caribbeancom_030618-616 Misaki Ai JAV UNCENSORED",
        "magnetLink": "magnet:?xt=urn:btih:5AAH6CUX6DETGBYVVXBWKA7WOZVISEQB&amp;dn=%5B3xplanet%5D+Caribbeancom_030618-616+Misaki+Ai++JAV+UNCENSORED&amp;tr=http%3A%2F%2Fsukebei.tracker.wf%3A8888%2Fannounce&amp;tr=udp%3A%2F%2Fopen.stealth.si%3A80%2Fannounce&amp;tr=udp%3A%2F%2Ftracker.opentrackr.org%3A1337%2Fannounce&amp;tr=udp%3A%2F%2Ftracker.coppersurfer.tk%3A6969%2Fannounce&amp;tr=udp%3A%2F%2Ftracker.leechers-paradise.org%3A6969%2Fannounce",
        "seeds": "5",
        "shortTitle": "Caribbean.com 030618-616",
        "size": "1.7 GiB",
        "torrentLink": "https://sukebei.nyaa.si/download/2448523.torrent",
        "trailer1080pUrl": "http://smovie.caribbeancom.com/sample/movies/030618-616/1080p.mp4",
        "trailer360pUrl": "http://smovie.caribbeancom.com/sample/movies/030618-616/360p.mp4",
        "trailer480pUrl": "http://smovie.caribbeancom.com/sample/movies/030618-616/480p.mp4",
        "trailer720pUrl": "http://smovie.caribbeancom.com/sample/movies/030618-616/720p.mp4",
        "uploadDate": "2018-03-08 17:49",
      },
      Object {
        "completedDownloads": "1770",
        "coverUrl": "https://www.caribbeancom.com/moviepages/012618-592/images/l.jpg",
        "idPrefix": "012618",
        "idSuffix": "592",
        "leechs": "0",
        "longTitle": "[3xplanet] Caribbeancom_012618-592 Aiki Ichika JAV UNCENSORED",
        "magnetLink": "magnet:?xt=urn:btih:5WIHGYVBA4IP67U4NOOWASULE32ADU6U&amp;dn=%5B3xplanet%5D+Caribbeancom_012618-592+Aiki+Ichika++JAV+UNCENSORED&amp;tr=http%3A%2F%2Fsukebei.tracker.wf%3A8888%2Fannounce&amp;tr=udp%3A%2F%2Fopen.stealth.si%3A80%2Fannounce&amp;tr=udp%3A%2F%2Ftracker.opentrackr.org%3A1337%2Fannounce&amp;tr=udp%3A%2F%2Ftracker.coppersurfer.tk%3A6969%2Fannounce&amp;tr=udp%3A%2F%2Ftracker.leechers-paradise.org%3A6969%2Fannounce",
        "seeds": "5",
        "shortTitle": "Caribbean.com 012618-592",
        "size": "1.9 GiB",
        "torrentLink": "https://sukebei.nyaa.si/download/2428612.torrent",
        "trailer1080pUrl": "http://smovie.caribbeancom.com/sample/movies/012618-592/1080p.mp4",
        "trailer360pUrl": "http://smovie.caribbeancom.com/sample/movies/012618-592/360p.mp4",
        "trailer480pUrl": "http://smovie.caribbeancom.com/sample/movies/012618-592/480p.mp4",
        "trailer720pUrl": "http://smovie.caribbeancom.com/sample/movies/012618-592/720p.mp4",
        "uploadDate": "2018-01-28 09:46",
      },
      Object {
        "completedDownloads": "825",
        "coverUrl": "https://www.caribbeancom.com/moviepages/032318-627/images/l.jpg",
        "idPrefix": "032318",
        "idSuffix": "627",
        "leechs": "2",
        "longTitle": "[3xplanet] Caribbeancom_032318-627 Aiki ichika JAV UNCENSORED",
        "magnetLink": "magnet:?xt=urn:btih:3DOMMLPW5THSAICNHAX4VY5VOQL2ZVAX&amp;dn=%5B3xplanet%5D+Caribbeancom_032318-627+Aiki+ichika++JAV+UNCENSORED&amp;tr=http%3A%2F%2Fsukebei.tracker.wf%3A8888%2Fannounce&amp;tr=udp%3A%2F%2Fopen.stealth.si%3A80%2Fannounce&amp;tr=udp%3A%2F%2Ftracker.opentrackr.org%3A1337%2Fannounce&amp;tr=udp%3A%2F%2Ftracker.coppersurfer.tk%3A6969%2Fannounce&amp;tr=udp%3A%2F%2Ftracker.leechers-paradise.org%3A6969%2Fannounce",
        "seeds": "5",
        "shortTitle": "Caribbean.com 032318-627",
        "size": "1.9 GiB",
        "torrentLink": "https://sukebei.nyaa.si/download/2458767.torrent",
        "trailer1080pUrl": "http://smovie.caribbeancom.com/sample/movies/032318-627/1080p.mp4",
        "trailer360pUrl": "http://smovie.caribbeancom.com/sample/movies/032318-627/360p.mp4",
        "trailer480pUrl": "http://smovie.caribbeancom.com/sample/movies/032318-627/480p.mp4",
        "trailer720pUrl": "http://smovie.caribbeancom.com/sample/movies/032318-627/720p.mp4",
        "uploadDate": "2018-03-26 08:43",
      },
      Object {
        "completedDownloads": "507",
        "coverUrl": "https://www.caribbeancom.com/moviepages/042618-648/images/l.jpg",
        "idPrefix": "042618",
        "idSuffix": "648",
        "leechs": "5",
        "longTitle": "[3xplanet] Caribbeancom_042618-648 kisaragi juri JAV UNCENSORED",
        "magnetLink": "magnet:?xt=urn:btih:3CW66GCONYSDOMRQ3V5N4BKQZ34ZMAWH&amp;dn=%5B3xplanet%5D+Caribbeancom_042618-648+kisaragi+juri++JAV+UNCENSORED&amp;tr=http%3A%2F%2Fsukebei.tracker.wf%3A8888%2Fannounce&amp;tr=udp%3A%2F%2Fopen.stealth.si%3A80%2Fannounce&amp;tr=udp%3A%2F%2Ftracker.opentrackr.org%3A1337%2Fannounce&amp;tr=udp%3A%2F%2Ftracker.coppersurfer.tk%3A6969%2Fannounce&amp;tr=udp%3A%2F%2Ftracker.leechers-paradise.org%3A6969%2Fannounce",
        "seeds": "5",
        "shortTitle": "Caribbean.com 042618-648",
        "size": "633.6 MiB",
        "torrentLink": "https://sukebei.nyaa.si/download/2475616.torrent",
        "trailer1080pUrl": "http://smovie.caribbeancom.com/sample/movies/042618-648/1080p.mp4",
        "trailer360pUrl": "http://smovie.caribbeancom.com/sample/movies/042618-648/360p.mp4",
        "trailer480pUrl": "http://smovie.caribbeancom.com/sample/movies/042618-648/480p.mp4",
        "trailer720pUrl": "http://smovie.caribbeancom.com/sample/movies/042618-648/720p.mp4",
        "uploadDate": "2018-04-28 13:08",
      },
      Object {
        "completedDownloads": "1649",
        "coverUrl": "https://www.caribbeancom.com/moviepages/020918-600/images/l.jpg",
        "idPrefix": "020918",
        "idSuffix": "600",
        "leechs": "0",
        "longTitle": "[3xplanet] Caribbeancom_020918-600 Sumire Mika JAV UNCENSORED",
        "magnetLink": "magnet:?xt=urn:btih:5TOUDWSU3B7MNP5SSA7U6YJLY3FPEM2E&amp;dn=%5B3xplanet%5D+Caribbeancom_020918-600+Sumire+Mika++JAV+UNCENSORED&amp;tr=http%3A%2F%2Fsukebei.tracker.wf%3A8888%2Fannounce&amp;tr=udp%3A%2F%2Fopen.stealth.si%3A80%2Fannounce&amp;tr=udp%3A%2F%2Ftracker.opentrackr.org%3A1337%2Fannounce&amp;tr=udp%3A%2F%2Ftracker.coppersurfer.tk%3A6969%2Fannounce&amp;tr=udp%3A%2F%2Ftracker.leechers-paradise.org%3A6969%2Fannounce",
        "seeds": "4",
        "shortTitle": "Caribbean.com 020918-600",
        "size": "1.8 GiB",
        "torrentLink": "https://sukebei.nyaa.si/download/2436226.torrent",
        "trailer1080pUrl": "http://smovie.caribbeancom.com/sample/movies/020918-600/1080p.mp4",
        "trailer360pUrl": "http://smovie.caribbeancom.com/sample/movies/020918-600/360p.mp4",
        "trailer480pUrl": "http://smovie.caribbeancom.com/sample/movies/020918-600/480p.mp4",
        "trailer720pUrl": "http://smovie.caribbeancom.com/sample/movies/020918-600/720p.mp4",
        "uploadDate": "2018-02-11 19:13",
      },
      Object {
        "completedDownloads": "920",
        "coverUrl": "https://www.caribbeancom.com/moviepages/012518-591/images/l.jpg",
        "idPrefix": "012518",
        "idSuffix": "591",
        "leechs": "0",
        "longTitle": "[3xplanet] Caribbeancom_012518-591 Maiko JAV UNCENSORED",
        "magnetLink": "magnet:?xt=urn:btih:2KWZA3SUN57RUFSIL7QHXDSEHPYMOILI&amp;dn=%5B3xplanet%5D+Caribbeancom_012518-591+Maiko++JAV+UNCENSORED&amp;tr=http%3A%2F%2Fsukebei.tracker.wf%3A8888%2Fannounce&amp;tr=udp%3A%2F%2Fopen.stealth.si%3A80%2Fannounce&amp;tr=udp%3A%2F%2Ftracker.opentrackr.org%3A1337%2Fannounce&amp;tr=udp%3A%2F%2Ftracker.coppersurfer.tk%3A6969%2Fannounce&amp;tr=udp%3A%2F%2Ftracker.leechers-paradise.org%3A6969%2Fannounce",
        "seeds": "4",
        "shortTitle": "Caribbean.com 012518-591",
        "size": "522.0 MiB",
        "torrentLink": "https://sukebei.nyaa.si/download/2428187.torrent",
        "trailer1080pUrl": "http://smovie.caribbeancom.com/sample/movies/012518-591/1080p.mp4",
        "trailer360pUrl": "http://smovie.caribbeancom.com/sample/movies/012518-591/360p.mp4",
        "trailer480pUrl": "http://smovie.caribbeancom.com/sample/movies/012518-591/480p.mp4",
        "trailer720pUrl": "http://smovie.caribbeancom.com/sample/movies/012518-591/720p.mp4",
        "uploadDate": "2018-01-27 15:08",
      },
      Object {
        "completedDownloads": "1793",
        "coverUrl": "https://www.caribbeancom.com/moviepages/021318-603/images/l.jpg",
        "idPrefix": "021318",
        "idSuffix": "603",
        "leechs": "1",
        "longTitle": "[3xplanet] Caribbeancom_021318-603 Masshiro Airi JAV UNCENSORED",
        "magnetLink": "magnet:?xt=urn:btih:IMG5PH3ITNCR46GFBHYBRWDJIRO4DIRG&amp;dn=%5B3xplanet%5D+Caribbeancom_021318-603+Masshiro+Airi++JAV+UNCENSORED&amp;tr=http%3A%2F%2Fsukebei.tracker.wf%3A8888%2Fannounce&amp;tr=udp%3A%2F%2Fopen.stealth.si%3A80%2Fannounce&amp;tr=udp%3A%2F%2Ftracker.opentrackr.org%3A1337%2Fannounce&amp;tr=udp%3A%2F%2Ftracker.coppersurfer.tk%3A6969%2Fannounce&amp;tr=udp%3A%2F%2Ftracker.leechers-paradise.org%3A6969%2Fannounce",
        "seeds": "4",
        "shortTitle": "Caribbean.com 021318-603",
        "size": "1.7 GiB",
        "torrentLink": "https://sukebei.nyaa.si/download/2439014.torrent",
        "trailer1080pUrl": "http://smovie.caribbeancom.com/sample/movies/021318-603/1080p.mp4",
        "trailer360pUrl": "http://smovie.caribbeancom.com/sample/movies/021318-603/360p.mp4",
        "trailer480pUrl": "http://smovie.caribbeancom.com/sample/movies/021318-603/480p.mp4",
        "trailer720pUrl": "http://smovie.caribbeancom.com/sample/movies/021318-603/720p.mp4",
        "uploadDate": "2018-02-17 10:05",
      },
      Object {
        "completedDownloads": "568",
        "coverUrl": "https://www.caribbeancom.com/moviepages/022517-381/images/l.jpg",
        "idPrefix": "022517",
        "idSuffix": "381",
        "leechs": "4",
        "longTitle": "[Caribbeancom 022517-381] [uncen] 宅配ロリ娘 ～ドMイキ天国～ / Suzu Ichinose - Delivery Lori Girls",
        "magnetLink": "magnet:?xt=urn:btih:E7Y2FMUOKDE2Z65NO7ONXTTYTB2W2JOD&amp;dn=%5BCaribbeancom+022517-381%5D+%5Buncen%5D+%E5%AE%85%E9%85%8D%E3%83%AD%E3%83%AA%E5%A8%98+%EF%BD%9E%E3%83%89M%E3%82%A4%E3%82%AD%E5%A4%A9%E5%9B%BD%EF%BD%9E+%2F+Suzu+Ichinose+-+Delivery+Lori+Girls&amp;tr=http%3A%2F%2Fsukebei.tracker.wf%3A8888%2Fannounce&amp;tr=udp%3A%2F%2Fopen.stealth.si%3A80%2Fannounce&amp;tr=udp%3A%2F%2Ftracker.opentrackr.org%3A1337%2Fannounce&amp;tr=udp%3A%2F%2Ftracker.coppersurfer.tk%3A6969%2Fannounce&amp;tr=udp%3A%2F%2Ftracker.leechers-paradise.org%3A6969%2Fannounce",
        "seeds": "4",
        "shortTitle": "Caribbean.com 022517-381",
        "size": "860.8 MiB",
        "torrentLink": "https://sukebei.nyaa.si/download/2322752.torrent",
        "trailer1080pUrl": "http://smovie.caribbeancom.com/sample/movies/022517-381/1080p.mp4",
        "trailer360pUrl": "http://smovie.caribbeancom.com/sample/movies/022517-381/360p.mp4",
        "trailer480pUrl": "http://smovie.caribbeancom.com/sample/movies/022517-381/480p.mp4",
        "trailer720pUrl": "http://smovie.caribbeancom.com/sample/movies/022517-381/720p.mp4",
        "uploadDate": "2017-07-08 20:01",
      },
      Object {
        "completedDownloads": "217",
        "coverUrl": "https://www.caribbeancom.com/moviepages/010618-575/images/l.jpg",
        "idPrefix": "010618",
        "idSuffix": "575",
        "leechs": "0",
        "longTitle": "Caribbeancom 010618-575 美魔女にお仕置き - 秋野千尋",
        "magnetLink": "magnet:?xt=urn:btih:IDMUOISSKBTSSDDXVA4P4XJVOPNAGAJH&amp;dn=Caribbeancom+010618-575+%E7%BE%8E%E9%AD%94%E5%A5%B3%E3%81%AB%E3%81%8A%E4%BB%95%E7%BD%AE%E3%81%8D+-+%E7%A7%8B%E9%87%8E%E5%8D%83%E5%B0%8B&amp;tr=http%3A%2F%2Fsukebei.tracker.wf%3A8888%2Fannounce&amp;tr=udp%3A%2F%2Fopen.stealth.si%3A80%2Fannounce&amp;tr=udp%3A%2F%2Ftracker.opentrackr.org%3A1337%2Fannounce&amp;tr=udp%3A%2F%2Ftracker.coppersurfer.tk%3A6969%2Fannounce&amp;tr=udp%3A%2F%2Ftracker.leechers-paradise.org%3A6969%2Fannounce",
        "seeds": "4",
        "shortTitle": "Caribbean.com 010618-575",
        "size": "1.9 GiB",
        "torrentLink": "https://sukebei.nyaa.si/download/2417051.torrent",
        "trailer1080pUrl": "http://smovie.caribbeancom.com/sample/movies/010618-575/1080p.mp4",
        "trailer360pUrl": "http://smovie.caribbeancom.com/sample/movies/010618-575/360p.mp4",
        "trailer480pUrl": "http://smovie.caribbeancom.com/sample/movies/010618-575/480p.mp4",
        "trailer720pUrl": "http://smovie.caribbeancom.com/sample/movies/010618-575/720p.mp4",
        "uploadDate": "2018-01-06 17:07",
      },
      Object {
        "completedDownloads": "790",
        "coverUrl": "https://www.caribbeancom.com/moviepages/011118-580/images/l.jpg",
        "idPrefix": "011118",
        "idSuffix": "580",
        "leechs": "0",
        "longTitle": "[3xplanet] Caribbeancom_011118-580 Ao Shino JAV UNCENSORED",
        "magnetLink": "magnet:?xt=urn:btih:5JHHTJN53DQGI7IDI2ZKFMKKOQOYQI2B&amp;dn=%5B3xplanet%5D+Caribbeancom_011118-580+Ao+Shino++JAV+UNCENSORED&amp;tr=http%3A%2F%2Fsukebei.tracker.wf%3A8888%2Fannounce&amp;tr=udp%3A%2F%2Fopen.stealth.si%3A80%2Fannounce&amp;tr=udp%3A%2F%2Ftracker.opentrackr.org%3A1337%2Fannounce&amp;tr=udp%3A%2F%2Ftracker.coppersurfer.tk%3A6969%2Fannounce&amp;tr=udp%3A%2F%2Ftracker.leechers-paradise.org%3A6969%2Fannounce",
        "seeds": "4",
        "shortTitle": "Caribbean.com 011118-580",
        "size": "1.7 GiB",
        "torrentLink": "https://sukebei.nyaa.si/download/2421078.torrent",
        "trailer1080pUrl": "http://smovie.caribbeancom.com/sample/movies/011118-580/1080p.mp4",
        "trailer360pUrl": "http://smovie.caribbeancom.com/sample/movies/011118-580/360p.mp4",
        "trailer480pUrl": "http://smovie.caribbeancom.com/sample/movies/011118-580/480p.mp4",
        "trailer720pUrl": "http://smovie.caribbeancom.com/sample/movies/011118-580/720p.mp4",
        "uploadDate": "2018-01-14 01:31",
      },
      Object {
        "completedDownloads": "957",
        "coverUrl": "https://www.caribbeancom.com/moviepages/101116-279/images/l.jpg",
        "idPrefix": "101116",
        "idSuffix": "279",
        "leechs": "1",
        "longTitle": "[Caribbeancom 101116-279] [uncen] あなた、こんな私を許して 上原亜衣 / Ai Uehara - Cuckold Beautiful Wife. To Understand And To Forgive?",
        "magnetLink": "magnet:?xt=urn:btih:HVN7PSEAUQVZLQYGQUO4KWSS7ZPTPRO3&amp;dn=%5BCaribbeancom+101116-279%5D+%5Buncen%5D+%E3%81%82%E3%81%AA%E3%81%9F%E3%80%81%E3%81%93%E3%82%93%E3%81%AA%E7%A7%81%E3%82%92%E8%A8%B1%E3%81%97%E3%81%A6+%E4%B8%8A%E5%8E%9F%E4%BA%9C%E8%A1%A3+%2F+Ai+Uehara+-+Cuckold+Beautiful+Wife.+To+Understand+And+To+Forgive%3F&amp;tr=http%3A%2F%2Fsukebei.tracker.wf%3A8888%2Fannounce&amp;tr=udp%3A%2F%2Fopen.stealth.si%3A80%2Fannounce&amp;tr=udp%3A%2F%2Ftracker.opentrackr.org%3A1337%2Fannounce&amp;tr=udp%3A%2F%2Ftracker.coppersurfer.tk%3A6969%2Fannounce&amp;tr=udp%3A%2F%2Ftracker.leechers-paradise.org%3A6969%2Fannounce",
        "seeds": "4",
        "shortTitle": "Caribbean.com 101116-279",
        "size": "1.6 GiB",
        "torrentLink": "https://sukebei.nyaa.si/download/2376456.torrent",
        "trailer1080pUrl": "http://smovie.caribbeancom.com/sample/movies/101116-279/1080p.mp4",
        "trailer360pUrl": "http://smovie.caribbeancom.com/sample/movies/101116-279/360p.mp4",
        "trailer480pUrl": "http://smovie.caribbeancom.com/sample/movies/101116-279/480p.mp4",
        "trailer720pUrl": "http://smovie.caribbeancom.com/sample/movies/101116-279/720p.mp4",
        "uploadDate": "2017-10-26 18:48",
      },
      Object {
        "completedDownloads": "1123",
        "coverUrl": "https://www.caribbeancom.com/moviepages/022718-611/images/l.jpg",
        "idPrefix": "022718",
        "idSuffix": "611",
        "leechs": "2",
        "longTitle": "[3xplanet] Caribbeancom_022718-611 Nishikawa Chihiro JAV UNCENSORED",
        "magnetLink": "magnet:?xt=urn:btih:LXYJDO43WAGM6KWWHW3VWVC2MU7JW3F5&amp;dn=%5B3xplanet%5D+Caribbeancom_022718-611+Nishikawa+Chihiro++JAV+UNCENSORED&amp;tr=http%3A%2F%2Fsukebei.tracker.wf%3A8888%2Fannounce&amp;tr=udp%3A%2F%2Fopen.stealth.si%3A80%2Fannounce&amp;tr=udp%3A%2F%2Ftracker.opentrackr.org%3A1337%2Fannounce&amp;tr=udp%3A%2F%2Ftracker.coppersurfer.tk%3A6969%2Fannounce&amp;tr=udp%3A%2F%2Ftracker.leechers-paradise.org%3A6969%2Fannounce",
        "seeds": "4",
        "shortTitle": "Caribbean.com 022718-611",
        "size": "1.7 GiB",
        "torrentLink": "https://sukebei.nyaa.si/download/2445851.torrent",
        "trailer1080pUrl": "http://smovie.caribbeancom.com/sample/movies/022718-611/1080p.mp4",
        "trailer360pUrl": "http://smovie.caribbeancom.com/sample/movies/022718-611/360p.mp4",
        "trailer480pUrl": "http://smovie.caribbeancom.com/sample/movies/022718-611/480p.mp4",
        "trailer720pUrl": "http://smovie.caribbeancom.com/sample/movies/022718-611/720p.mp4",
        "uploadDate": "2018-03-03 12:27",
      },
      Object {
        "completedDownloads": "626",
        "coverUrl": "https://www.caribbeancom.com/moviepages/090516-249/images/l.jpg",
        "idPrefix": "090516",
        "idSuffix": "249",
        "leechs": "0",
        "longTitle": "[Caribbeancom 090516-249] [uncen] アナル図鑑 上原亜衣",
        "magnetLink": "magnet:?xt=urn:btih:C2CAY7JZBPB2TTAHKSCE47Q4NQFDWHRV&amp;dn=%5BCaribbeancom+090516-249%5D+%5Buncen%5D+%E3%82%A2%E3%83%8A%E3%83%AB%E5%9B%B3%E9%91%91+%E4%B8%8A%E5%8E%9F%E4%BA%9C%E8%A1%A3&amp;tr=http%3A%2F%2Fsukebei.tracker.wf%3A8888%2Fannounce&amp;tr=udp%3A%2F%2Fopen.stealth.si%3A80%2Fannounce&amp;tr=udp%3A%2F%2Ftracker.opentrackr.org%3A1337%2Fannounce&amp;tr=udp%3A%2F%2Ftracker.coppersurfer.tk%3A6969%2Fannounce&amp;tr=udp%3A%2F%2Ftracker.leechers-paradise.org%3A6969%2Fannounce",
        "seeds": "4",
        "shortTitle": "Caribbean.com 090516-249",
        "size": "488.9 MiB",
        "torrentLink": "https://sukebei.nyaa.si/download/2376455.torrent",
        "trailer1080pUrl": "http://smovie.caribbeancom.com/sample/movies/090516-249/1080p.mp4",
        "trailer360pUrl": "http://smovie.caribbeancom.com/sample/movies/090516-249/360p.mp4",
        "trailer480pUrl": "http://smovie.caribbeancom.com/sample/movies/090516-249/480p.mp4",
        "trailer720pUrl": "http://smovie.caribbeancom.com/sample/movies/090516-249/720p.mp4",
        "uploadDate": "2017-10-26 18:47",
      },
      Object {
        "completedDownloads": "1784",
        "coverUrl": "https://www.caribbeancom.com/moviepages/120817-552/images/l.jpg",
        "idPrefix": "120817",
        "idSuffix": "552",
        "leechs": "1",
        "longTitle": "[3xplanet] Caribbeancom_120817-552 Ao shino JAV UNCENSORED",
        "magnetLink": "magnet:?xt=urn:btih:GTDW43FWO72EHWYDM6FWWSSRBFG7CHRP&amp;dn=%5B3xplanet%5D+Caribbeancom_120817-552+Ao+shino++JAV+UNCENSORED&amp;tr=http%3A%2F%2Fsukebei.tracker.wf%3A8888%2Fannounce&amp;tr=udp%3A%2F%2Fopen.stealth.si%3A80%2Fannounce&amp;tr=udp%3A%2F%2Ftracker.opentrackr.org%3A1337%2Fannounce&amp;tr=udp%3A%2F%2Ftracker.coppersurfer.tk%3A6969%2Fannounce&amp;tr=udp%3A%2F%2Ftracker.leechers-paradise.org%3A6969%2Fannounce",
        "seeds": "4",
        "shortTitle": "Caribbean.com 120817-552",
        "size": "1.7 GiB",
        "torrentLink": "https://sukebei.nyaa.si/download/2400802.torrent",
        "trailer1080pUrl": "http://smovie.caribbeancom.com/sample/movies/120817-552/1080p.mp4",
        "trailer360pUrl": "http://smovie.caribbeancom.com/sample/movies/120817-552/360p.mp4",
        "trailer480pUrl": "http://smovie.caribbeancom.com/sample/movies/120817-552/480p.mp4",
        "trailer720pUrl": "http://smovie.caribbeancom.com/sample/movies/120817-552/720p.mp4",
        "uploadDate": "2017-12-09 20:25",
      },
      Object {
        "completedDownloads": "750",
        "coverUrl": "https://www.caribbeancom.com/moviepages/042415-860/images/l.jpg",
        "idPrefix": "042415",
        "idSuffix": "860",
        "leechs": "1",
        "longTitle": "[Caribbeancom 042415-860] [uncen] 極上泡姫物語 Vol.27 上原亜衣 / Ai Uehara - Premium Soap Story vol.27: Japanese Bath-Girl",
        "magnetLink": "magnet:?xt=urn:btih:VFVNCIL5OMOSGA2RQPMSTNPDZEDGTPQB&amp;dn=%5BCaribbeancom+042415-860%5D+%5Buncen%5D+%E6%A5%B5%E4%B8%8A%E6%B3%A1%E5%A7%AB%E7%89%A9%E8%AA%9E+Vol.27+%E4%B8%8A%E5%8E%9F%E4%BA%9C%E8%A1%A3+%2F+Ai+Uehara+-+Premium+Soap+Story+vol.27%3A+Japanese+Bath-Girl&amp;tr=http%3A%2F%2Fsukebei.tracker.wf%3A8888%2Fannounce&amp;tr=udp%3A%2F%2Fopen.stealth.si%3A80%2Fannounce&amp;tr=udp%3A%2F%2Ftracker.opentrackr.org%3A1337%2Fannounce&amp;tr=udp%3A%2F%2Ftracker.coppersurfer.tk%3A6969%2Fannounce&amp;tr=udp%3A%2F%2Ftracker.leechers-paradise.org%3A6969%2Fannounce",
        "seeds": "4",
        "shortTitle": "Caribbean.com 042415-860",
        "size": "2.1 GiB",
        "torrentLink": "https://sukebei.nyaa.si/download/2376409.torrent",
        "trailer1080pUrl": "http://smovie.caribbeancom.com/sample/movies/042415-860/1080p.mp4",
        "trailer360pUrl": "http://smovie.caribbeancom.com/sample/movies/042415-860/360p.mp4",
        "trailer480pUrl": "http://smovie.caribbeancom.com/sample/movies/042415-860/480p.mp4",
        "trailer720pUrl": "http://smovie.caribbeancom.com/sample/movies/042415-860/720p.mp4",
        "uploadDate": "2017-10-26 16:14",
      },
      Object {
        "completedDownloads": "1901",
        "coverUrl": "https://www.caribbeancom.com/moviepages/052716-003/images/l.jpg",
        "idPrefix": "052716",
        "idSuffix": "003",
        "leechs": "2",
        "longTitle": "[CaribbeancomPR 052716-003 / 052716-172] [uncen] ものすごい三穴蹂躙 ノーカット特別版 上原亜衣 / Tremendous Three Holes Trampled - Uncut Edition Ai Uehara",
        "magnetLink": "magnet:?xt=urn:btih:NHNMWEXMEC4UIJSPEA4TKFY4QHGWZ3O3&amp;dn=%5BCaribbeancomPR+052716-003+%2F+052716-172%5D+%5Buncen%5D+%E3%82%82%E3%81%AE%E3%81%99%E3%81%94%E3%81%84%E4%B8%89%E7%A9%B4%E8%B9%82%E8%BA%99+%E3%83%8E%E3%83%BC%E3%82%AB%E3%83%83%E3%83%88%E7%89%B9%E5%88%A5%E7%89%88+%E4%B8%8A%E5%8E%9F%E4%BA%9C%E8%A1%A3+%2F+Tremendous+Three+Holes+Trampled+-+Uncut+Edition+Ai+Uehara&amp;tr=http%3A%2F%2Fsukebei.tracker.wf%3A8888%2Fannounce&amp;tr=udp%3A%2F%2Fopen.stealth.si%3A80%2Fannounce&amp;tr=udp%3A%2F%2Ftracker.opentrackr.org%3A1337%2Fannounce&amp;tr=udp%3A%2F%2Ftracker.coppersurfer.tk%3A6969%2Fannounce&amp;tr=udp%3A%2F%2Ftracker.leechers-paradise.org%3A6969%2Fannounce",
        "seeds": "4",
        "shortTitle": "Caribbean.com 052716-003",
        "size": "2.2 GiB",
        "torrentLink": "https://sukebei.nyaa.si/download/2376412.torrent",
        "trailer1080pUrl": "http://smovie.caribbeancom.com/sample/movies/052716-003/1080p.mp4",
        "trailer360pUrl": "http://smovie.caribbeancom.com/sample/movies/052716-003/360p.mp4",
        "trailer480pUrl": "http://smovie.caribbeancom.com/sample/movies/052716-003/480p.mp4",
        "trailer720pUrl": "http://smovie.caribbeancom.com/sample/movies/052716-003/720p.mp4",
        "uploadDate": "2017-10-26 16:22",
      },
    ],
    "type": "FETCHED_CARIBBEAN_SUKEIBEI_LINKS",
  },
]
`;
